Archive member included to satisfy reference by file (symbol)

/opt/devkitpro/libogc2/lib/cube/libbba.a(network.o)
                              sockettest.o (if_config)
/opt/devkitpro/libogc2/lib/cube/libbba.a(gcif.o)
                              /opt/devkitpro/libogc2/lib/cube/libbba.a(network.o) (bba_process)
/opt/devkitpro/libogc2/lib/cube/libbba.a(mem.o)
                              /opt/devkitpro/libogc2/lib/cube/libbba.a(network.o) (mem_init)
/opt/devkitpro/libogc2/lib/cube/libbba.a(dhcp.o)
                              /opt/devkitpro/libogc2/lib/cube/libbba.a(network.o) (dhcp_coarse_tmr)
/opt/devkitpro/libogc2/lib/cube/libbba.a(raw.o)
                              /opt/devkitpro/libogc2/lib/cube/libbba.a(network.o) (raw_bind)
/opt/devkitpro/libogc2/lib/cube/libbba.a(memp.o)
                              /opt/devkitpro/libogc2/lib/cube/libbba.a(network.o) (memp_init)
/opt/devkitpro/libogc2/lib/cube/libbba.a(netif.o)
                              /opt/devkitpro/libogc2/lib/cube/libbba.a(dhcp.o) (netif_list)
/opt/devkitpro/libogc2/lib/cube/libbba.a(pbuf.o)
                              /opt/devkitpro/libogc2/lib/cube/libbba.a(gcif.o) (pbuf_header)
/opt/devkitpro/libogc2/lib/cube/libbba.a(tcp.o)
                              /opt/devkitpro/libogc2/lib/cube/libbba.a(network.o) (tcp_active_pcbs)
/opt/devkitpro/libogc2/lib/cube/libbba.a(tcp_out.o)
                              /opt/devkitpro/libogc2/lib/cube/libbba.a(tcp.o) (tcp_enqueue)
/opt/devkitpro/libogc2/lib/cube/libbba.a(udp.o)
                              /opt/devkitpro/libogc2/lib/cube/libbba.a(network.o) (udp_init)
/opt/devkitpro/libogc2/lib/cube/libbba.a(icmp.o)
                              /opt/devkitpro/libogc2/lib/cube/libbba.a(udp.o) (icmp_dest_unreach)
/opt/devkitpro/libogc2/lib/cube/libbba.a(ip.o)
                              /opt/devkitpro/libogc2/lib/cube/libbba.a(network.o) (ip_init)
/opt/devkitpro/libogc2/lib/cube/libbba.a(ip_frag.o)
                              /opt/devkitpro/libogc2/lib/cube/libbba.a(ip.o) (ip_frag_init)
/opt/devkitpro/libogc2/lib/cube/libbba.a(ip_addr.o)
                              /opt/devkitpro/libogc2/lib/cube/libbba.a(udp.o) (ip_addr_isbroadcast)
/opt/devkitpro/libogc2/lib/cube/libbba.a(etharp.o)
                              /opt/devkitpro/libogc2/lib/cube/libbba.a(network.o) (etharp_init)
/opt/devkitpro/libogc2/lib/cube/libbba.a(loopif.o)
                              /opt/devkitpro/libogc2/lib/cube/libbba.a(network.o) (loopif_init)
/opt/devkitpro/libogc2/lib/cube/libbba.a(inet.o)
                              /opt/devkitpro/libogc2/lib/cube/libbba.a(tcp_out.o) (inet_chksum_pseudo)
/opt/devkitpro/libogc2/lib/cube/libbba.a(tcp_in.o)
                              /opt/devkitpro/libogc2/lib/cube/libbba.a(ip.o) (tcp_input)
/opt/devkitpro/libogc2/lib/cube/libogc.a(console.o)
                              main.o (CON_Init)
/opt/devkitpro/libogc2/lib/cube/libogc.a(lwp_threads.o)
                              /opt/devkitpro/libogc2/lib/cube/libbba.a(network.o) (_thread_dispatch_disable_level)
/opt/devkitpro/libogc2/lib/cube/libogc.a(lwp.o)
                              sockettest.o (LWP_CreateThread)
/opt/devkitpro/libogc2/lib/cube/libogc.a(lwp_handler.o)
                              /opt/devkitpro/libogc2/lib/cube/libogc.a(lwp_threads.o) (_cpu_context_save_fp)
/opt/devkitpro/libogc2/lib/cube/libogc.a(lwp_stack.o)
                              /opt/devkitpro/libogc2/lib/cube/libogc.a(lwp_threads.o) (__lwp_stack_allocate)
/opt/devkitpro/libogc2/lib/cube/libogc.a(lwp_watchdog.o)
                              /opt/devkitpro/libogc2/lib/cube/libbba.a(network.o) (_wd_ticks_queue)
/opt/devkitpro/libogc2/lib/cube/libogc.a(lwp_wkspace.o)
                              /opt/devkitpro/libogc2/lib/cube/libogc.a(lwp_stack.o) (__wkspace_heap)
/opt/devkitpro/libogc2/lib/cube/libogc.a(lwp_objmgr.o)
                              /opt/devkitpro/libogc2/lib/cube/libogc.a(lwp.o) (__lwp_objmgr_initinfo)
/opt/devkitpro/libogc2/lib/cube/libogc.a(lwp_heap.o)
                              /opt/devkitpro/libogc2/lib/cube/libogc.a(lwp_wkspace.o) (__lwp_heap_init)
/opt/devkitpro/libogc2/lib/cube/libogc.a(sys_state.o)
                              /opt/devkitpro/libogc2/lib/cube/libogc.a(lwp_threads.o) (_sys_state_curr)
/opt/devkitpro/libogc2/lib/cube/libogc.a(semaphore.o)
                              /opt/devkitpro/libogc2/lib/cube/libbba.a(network.o) (LWP_SemInit)
/opt/devkitpro/libogc2/lib/cube/libogc.a(video.o)
                              /opt/devkitpro/libogc2/lib/cube/libogc.a(console.o) (VIDEO_GetCurrentFramebuffer)
/opt/devkitpro/libogc2/lib/cube/libogc.a(pad.o)
                              main.o (PAD_Init)
/opt/devkitpro/libogc2/lib/cube/libogc.a(exi.o)
                              /opt/devkitpro/libogc2/lib/cube/libbba.a(gcif.o) (EXI_Lock)
/opt/devkitpro/libogc2/lib/cube/libogc.a(mutex.o)
                              /opt/devkitpro/libogc2/lib/cube/libbba.a(network.o) (LWP_MutexInit)
[...]
Memory Configuration

Name             Origin             Length             Attributes
*default*        0x00000000         0xffffffff

Linker script and memory map

                0x80003100                        . = 0x80003100

.init           0x80003100      0x194
 *crt0.o(*.init)
 .init          0x80003100      0x170 /opt/devkitpro/libogc2/lib/cube/libogc.a(ogc_crt0.o)
                0x80003100                _start
                0x80003240                _memset
 *(.init)
 .init          0x80003270        0xc /opt/devkitpro/devkitPPC/bin/../lib/gcc/powerpc-eabi/13.1.0/ecrti.o
                0x80003270                __init
 .init          0x8000327c        0x4 /opt/devkitpro/devkitPPC/bin/../lib/gcc/powerpc-eabi/13.1.0/crtbegin.o
 .init          0x80003280        0x4 /opt/devkitpro/devkitPPC/bin/../lib/gcc/powerpc-eabi/13.1.0/crtend.o
 .init          0x80003284       0x10 /opt/devkitpro/devkitPPC/bin/../lib/gcc/powerpc-eabi/13.1.0/ecrtn.o

.rela.dyn       0x80003294        0x0
 .rela.iplt     0x80003294        0x0 /opt/devkitpro/devkitPPC/bin/../lib/gcc/powerpc-eabi/13.1.0/crtbegin.o

.plt
 *(.plt)

.interp
 *(.interp)

.hash
 *(.hash)

.dynsym
 *(.dynsym)

.dynstr
 *(.dynstr)

.gnu.version
 *(.gnu.version)

.gnu.version_d
 *(.gnu.version_d)

.gnu.version_r
 *(.gnu.version_r)

.rel.init
 *(.rel.init)

.rela.init
 *(.rela.init)

.rel.text
 *(.rel.text .rel.text.* .rel.gnu.linkonce.t.*)

.rela.text      0x80003294        0x0
 *(.rela.text .rela.text.* .rela.gnu.linkonce.t.*)
 .rela.text.__do_global_dtors_aux
                0x80003294        0x0 /opt/devkitpro/devkitPPC/bin/../lib/gcc/powerpc-eabi/13.1.0/crtbegin.o
 .rela.text.frame_dummy
                0x80003294        0x0 /opt/devkitpro/devkitPPC/bin/../lib/gcc/powerpc-eabi/13.1.0/crtbegin.o
 .rela.text.__getreent
                0x80003294        0x0 /opt/devkitpro/devkitPPC/bin/../lib/gcc/powerpc-eabi/13.1.0/crtbegin.o

.rel.fini
 *(.rel.fini)

.rela.fini
 *(.rela.fini)

.rel.rodata
 *(.rel.rodata .rel.rodata.* .rel.gnu.linkonce.r.*)

.rela.rodata
 *(.rela.rodata .rela.rodata.* .rela.gnu.linkonce.r.*)

.rel.data
 *(.rel.data .rel.data.* .rel.gnu.linkonce.d.*)

.rela.data
 *(.rela.data .rela.data.* .rela.gnu.linkonce.d.*)

.rel.tdata
 *(.rel.tdata .rel.tdata.* .rel.gnu.linkonce.td.*)

.rela.tdata
 *(.rela.tdata .rela.tdata.* .rela.gnu.linkonce.td.*)

.rel.tbss
 *(.rel.tbss .rel.tbss.* .rel.gnu.linkonce.tb.*)

.rela.tbss
 *(.rela.tbss .rela.tbss.* .rela.gnu.linkonce.tb.*)

.rel.ctors
 *(.rel.ctors)

.rela.ctors
 *(.rela.ctors)

.rel.dtors
 *(.rel.dtors)

.rela.dtors
 *(.rela.dtors)

.rel.got
 *(.rel.got)

.rela.got
 *(.rela.got)

.rela.got1
 *(.rela.got1)

.rela.got2
 *(.rela.got2)

.rel.sdata
 *(.rel.sdata .rel.sdata.* .rel.gnu.linkonce.s.*)

.rela.sdata
 *(.rela.sdata .rela.sdata.* .rela.gnu.linkonce.s.*)

.rel.sbss
 *(.rel.sbss .rel.sbss.* .rel.gnu.linkonce.sb.*)

.rela.sbss
 *(.rela.sbss .rela.sbss.* .rel.gnu.linkonce.sb.*)

.rel.sdata2
 *(.rel.sdata2 .rel.sdata2.* .rel.gnu.linkonce.s2.*)

.rela.sdata2
 *(.rela.sdata2 .rela.sdata2.* .rela.gnu.linkonce.s2.*)

.rel.sbss2
 *(.rel.sbss2 .rel.sbss2.* .rel.gnu.linkonce.sb2.*)

.rela.sbss2
 *(.rela.sbss2 .rela.sbss2.* .rela.gnu.linkonce.sb2.*)

.rel.bss
 *(.rel.bss .rel.bss.* .rel.gnu.linkonce.b.*)

.rela.bss
 *(.rela.bss .rela.bss.* .rela.gnu.linkonce.b.*)

.rel.plt
 *(.rel.plt)

.rela.plt
 *(.rela.plt)

.text           0x800032a0    0x13f40
 *(.text)
 .text          0x800032a0      0x44c /opt/devkitpro/libogc2/lib/cube/libogc.a(lwp_handler.o)
                0x800032a0                _cpu_context_save_fp
                0x800033e0                _cpu_context_restore_fp
                0x80003520                _cpu_context_switch
                0x80003600                _cpu_context_save
                0x80003680                _cpu_context_restore
 .text          0x800036ec      0x50c /opt/devkitpro/libogc2/lib/cube/libogc.a(cache_asm.o)
                0x800036ec                DCFlashInvalidate
                0x800036fc                DCEnable
                0x80003710                DCDisable
                0x80003724                DCFreeze
                0x80003738                DCUnfreeze
                0x80003748                DCTouchLoad
                0x80003750                DCBlockZero
                0x80003758                DCBlockStore
                0x80003760                DCBlockFlush
                0x80003768                DCBlockInvalidate
                0x80003770                DCInvalidateRange
                0x8000379c                DCFlushRange
                0x800037cc                DCStoreRange
                0x800037fc                DCFlushRangeNoSync
                0x80003828                DCStoreRangeNoSync
                0x80003854                DCZeroRange
                0x80003880                DCTouchRange
                0x800038ac                ICInvalidateRange
                0x800038e0                ICFlashInvalidate
                0x800038f0                ICEnable
                0x80003904                ICDisable
                0x80003918                ICFreeze
                0x8000392c                ICUnfreeze
                0x8000393c                ICBlockInvalidate
                0x80003944                ICSync
                0x8000394c                L2Init
                0x80003990                L2Enable
                0x800039a4                L2Disable
                0x800039bc                L2GlobalInvalidate
                0x80003a0c                L2SetDataOnly
                0x80003a34                L2SetWriteThrough
                0x80003a5c                __LCEnable
                0x80003b28                LCDisable
                0x80003b50                LCIsEnable
                0x80003b5c                LCAllocOneTag
                0x80003b70                LCAllocTags
                0x80003bb0                LCLoadBlocks
                0x80003bd4                LCStoreBlocks
 .text          0x80003bf8      0x428 /opt/devkitpro/libogc2/lib/cube/libogc.a(system_asm.o)
                0x80003bf8                __realmode
                0x80003c10                __configBATS
                0x80003ce4                __InitFPRS
                0x80003e10                __InitPS
                0x80003e6c                __InitCache
                0x80003eb8                __InitSystem
                0x80003f30                __flush_cache
                0x80003f64                __reset
                0x80003fd4                __InitBATS
                0x80003ff0                SYS_SwitchFiber
 .text          0x80004020      0x1ac /opt/devkitpro/libogc2/lib/cube/libogc.a(irq_handler.o)
                0x80004020                irq_exceptionhandler
 .text          0x800041cc      0x1ac /opt/devkitpro/libogc2/lib/cube/libogc.a(decrementer_handler.o)
                0x800041cc                dec_exceptionhandler
 .text          0x80004378      0x35c /opt/devkitpro/libogc2/lib/cube/libogc.a(exception_handler.o)
                0x80004378                exceptionhandler_start
                0x800043f4                exceptionhandler_patch
                0x80004428                exceptionhandler_end
                0x8000442c                default_exceptionhandler
                0x8000455c                fpu_exceptionhandler
                0x800046a4                systemcallhandler_start
                0x800046d0                systemcallhandler_end
 .text          0x800046d4       0x48 /opt/devkitpro/devkitPPC/bin/../lib/gcc/powerpc-eabi/13.1.0/libgcc.a(eabi.o)
                0x800046d4                __eabi
 *(.text.*)
 .text.__do_global_dtors_aux
                0x8000471c       0xcc /opt/devkitpro/devkitPPC/bin/../lib/gcc/powerpc-eabi/13.1.0/crtbegin.o
 .text.frame_dummy
                0x800047e8       0x24 /opt/devkitpro/devkitPPC/bin/../lib/gcc/powerpc-eabi/13.1.0/crtbegin.o
 .text.__crtmain
                0x8000480c       0x44 /opt/devkitpro/devkitPPC/bin/../lib/gcc/powerpc-eabi/13.1.0/../../../../powerpc-eabi/lib/crtmain.o
                0x80004810                __crtmain
 .text.initialise
                0x80004850       0xc0 main.o
                0x80004850                initialise
 .text.startup.main
                0x80004910       0x4c main.o
                0x80004910                main
 .text.__console_clear_line
                0x8000495c       0xb4 /opt/devkitpro/libogc2/lib/cube/libogc.a(console.o)
 .text.__console_clear
                0x80004a10       0xbc /opt/devkitpro/libogc2/lib/cube/libogc.a(console.o)
 .text.__console_fstat
                0x80004acc       0x3c /opt/devkitpro/libogc2/lib/cube/libogc.a(console.o)
 .text.__console_write
                0x80004b08      0x800 /opt/devkitpro/libogc2/lib/cube/libogc.a(console.o)
                0x80004b08                __console_write
 .text.__console_init
                0x80005308       0xf4 /opt/devkitpro/libogc2/lib/cube/libogc.a(console.o)
                0x80005308                __console_init
 .text.CON_Init
                0x800053fc        0x4 /opt/devkitpro/libogc2/lib/cube/libogc.a(console.o)
                0x800053fc                CON_Init
 .text.CON_EnableGecko
                0x80005400      0x100 /opt/devkitpro/libogc2/lib/cube/libogc.a(console.o)
                0x80005400                CON_EnableGecko
 .text.__lwp_isr_in_progress
                0x80005500        0x8 /opt/devkitpro/libogc2/lib/cube/libogc.a(lwp_threads.o)
                0x80005500                __lwp_isr_in_progress
 .text.__thread_dispatch_fp
                0x80005508       0x7c /opt/devkitpro/libogc2/lib/cube/libogc.a(lwp_threads.o)
                0x80005508                __thread_dispatch_fp
 .text.__thread_dispatch
                0x80005584       0xfc /opt/devkitpro/libogc2/lib/cube/libogc.a(lwp_threads.o)
                0x80005584                __thread_dispatch
 .text.__lwp_thread_resettimeslice
                0x80005680       0xa8 /opt/devkitpro/libogc2/lib/cube/libogc.a(lwp_threads.o)
                0x80005680                __lwp_thread_resettimeslice
 .text.__lwp_thread_tickle_timeslice
                0x80005728       0xc8 /opt/devkitpro/libogc2/lib/cube/libogc.a(lwp_threads.o)
                0x80005728                __lwp_thread_tickle_timeslice
 .text.__lwp_thread_setstate
                0x800057f0      0x158 /opt/devkitpro/libogc2/lib/cube/libogc.a(lwp_threads.o)
                0x800057f0                __lwp_thread_setstate
 .text.__lwp_thread_clearstate
                0x80005948       0xdc /opt/devkitpro/libogc2/lib/cube/libogc.a(lwp_threads.o)
                0x80005948                __lwp_thread_clearstate
 .text.__lwp_thread_settransient
                0x80005a24       0xa8 /opt/devkitpro/libogc2/lib/cube/libogc.a(lwp_threads.o)
                0x80005a24                __lwp_thread_settransient
 .text.__lwp_thread_changepriority
                0x80005acc      0x1b8 /opt/devkitpro/libogc2/lib/cube/libogc.a(lwp_threads.o)
                0x80005acc                __lwp_thread_changepriority
 .text.__lwp_thread_ready
                0x80005c84       0xe8 /opt/devkitpro/libogc2/lib/cube/libogc.a(lwp_threads.o)
                0x80005c84                __lwp_thread_ready
 .text.__lwp_thread_init
                0x80005d6c      0x16c /opt/devkitpro/libogc2/lib/cube/libogc.a(lwp_threads.o)
                0x80005d6c                __lwp_thread_init
 .text.__lwp_thread_close
                0x80005ed8      0x12c /opt/devkitpro/libogc2/lib/cube/libogc.a(lwp_threads.o)
                0x80005ed8                __lwp_thread_close
 .text.__lwp_thread_handler
                0x80006004       0xc0 /opt/devkitpro/libogc2/lib/cube/libogc.a(lwp_threads.o)
 .text.__lwp_thread_closeall
                0x800060c4       0xa4 /opt/devkitpro/libogc2/lib/cube/libogc.a(lwp_threads.o)
                0x800060c4                __lwp_thread_closeall
 .text.__lwp_thread_start
                0x80006168       0xe8 /opt/devkitpro/libogc2/lib/cube/libogc.a(lwp_threads.o)
                0x80006168                __lwp_thread_start
 .text.__lwp_thread_startmultitasking
                0x80006250       0xac /opt/devkitpro/libogc2/lib/cube/libogc.a(lwp_threads.o)
                0x80006250                __lwp_thread_startmultitasking
 .text.__lwp_thread_stopmultitasking
                0x800062fc       0x58 /opt/devkitpro/libogc2/lib/cube/libogc.a(lwp_threads.o)
                0x800062fc                __lwp_thread_stopmultitasking
 .text.__lwp_thread_coreinit
                0x80006354       0xc4 /opt/devkitpro/libogc2/lib/cube/libogc.a(lwp_threads.o)
                0x80006354                __lwp_thread_coreinit
 .text.idle_func
                0x80006418       0x18 /opt/devkitpro/libogc2/lib/cube/libogc.a(lwp.o)
 .text.__lwp_sysinit
                0x80006430      0x114 /opt/devkitpro/libogc2/lib/cube/libogc.a(lwp.o)
                0x80006430                __lwp_sysinit
 .text.LWP_InitQueue
                0x80006544      0x140 /opt/devkitpro/libogc2/lib/cube/libogc.a(lwp.o)
                0x80006544                LWP_InitQueue
 .text.LWP_ThreadSleep
                0x80006684       0xec /opt/devkitpro/libogc2/lib/cube/libogc.a(lwp.o)
                0x80006684                LWP_ThreadSleep
 .text.LWP_ThreadBroadcast
                0x80006770       0x88 /opt/devkitpro/libogc2/lib/cube/libogc.a(lwp.o)
                0x80006770                LWP_ThreadBroadcast
 .text.__lwp_stack_allocate
                0x800067f8       0x60 /opt/devkitpro/libogc2/lib/cube/libogc.a(lwp_stack.o)
                0x800067f8                __lwp_stack_allocate
 .text.__lwp_stack_free
                0x80006858       0x1c /opt/devkitpro/libogc2/lib/cube/libogc.a(lwp_stack.o)
                0x80006858                __lwp_stack_free
 .text.__lwp_wd_settimer
                0x80006874       0xe0 /opt/devkitpro/libogc2/lib/cube/libogc.a(lwp_watchdog.o)
 .text.__lwp_watchdog_init
                0x80006954       0x2c /opt/devkitpro/libogc2/lib/cube/libogc.a(lwp_watchdog.o)
                0x80006954                __lwp_watchdog_init
 .text.__lwp_wd_insert
                0x80006980      0x174 /opt/devkitpro/libogc2/lib/cube/libogc.a(lwp_watchdog.o)
                0x80006980                __lwp_wd_insert
 .text.__lwp_wd_remove
                0x80006af4      0x12c /opt/devkitpro/libogc2/lib/cube/libogc.a(lwp_watchdog.o)
                0x80006af4                __lwp_wd_remove
 .text.__lwp_wd_tickle
                0x80006c20      0x120 /opt/devkitpro/libogc2/lib/cube/libogc.a(lwp_watchdog.o)
                0x80006c20                __lwp_wd_tickle
 .text.__lwp_wkspace_init
                0x80006d40       0xac /opt/devkitpro/libogc2/lib/cube/libogc.a(lwp_wkspace.o)
                0x80006d40                __lwp_wkspace_init
 .text.__lwp_objmgr_initinfo
                0x80006dec      0x1a0 /opt/devkitpro/libogc2/lib/cube/libogc.a(lwp_objmgr.o)
                0x80006dec                __lwp_objmgr_initinfo
 .text.__lwp_objmgr_getisrdisable
                0x80006f8c       0x54 /opt/devkitpro/libogc2/lib/cube/libogc.a(lwp_objmgr.o)
                0x80006f8c                __lwp_objmgr_getisrdisable
 .text.__lwp_objmgr_getnoprotection
                0x80006fe0       0x24 /opt/devkitpro/libogc2/lib/cube/libogc.a(lwp_objmgr.o)
                0x80006fe0                __lwp_objmgr_getnoprotection
 .text.__lwp_objmgr_get
                0x80007004       0x6c /opt/devkitpro/libogc2/lib/cube/libogc.a(lwp_objmgr.o)
                0x80007004                __lwp_objmgr_get
 .text.__lwp_objmgr_allocate
                0x80007070       0x78 /opt/devkitpro/libogc2/lib/cube/libogc.a(lwp_objmgr.o)
                0x80007070                __lwp_objmgr_allocate
 .text.__lwp_objmgr_free
                0x800070e8       0x54 /opt/devkitpro/libogc2/lib/cube/libogc.a(lwp_objmgr.o)
                0x800070e8                __lwp_objmgr_free
 .text.__lwp_heap_init
                0x8000713c       0x98 /opt/devkitpro/libogc2/lib/cube/libogc.a(lwp_heap.o)
                0x8000713c                __lwp_heap_init
 .text.__lwp_heap_allocate
                0x800071d4      0x14c /opt/devkitpro/libogc2/lib/cube/libogc.a(lwp_heap.o)
                0x800071d4                __lwp_heap_allocate
 .text.__lwp_heap_free
                0x80007320      0x178 /opt/devkitpro/libogc2/lib/cube/libogc.a(lwp_heap.o)
                0x80007320                __lwp_heap_free
 .text.__lwp_sema_init
                0x80007498       0x14 /opt/devkitpro/libogc2/lib/cube/libogc.a(semaphore.o)
                0x80007498                __lwp_sema_init
 .text.__VIRetraceHandler
                0x800074ac      0x220 /opt/devkitpro/libogc2/lib/cube/libogc.a(video.o)
 .text.__setScalingRegs
                0x800076cc       0x74 /opt/devkitpro/libogc2/lib/cube/libogc.a(video.o)
 .text.__setFbbRegs.constprop.0
                0x80007740      0x190 /opt/devkitpro/libogc2/lib/cube/libogc.a(video.o)
 .text.VIDEO_Configure
                0x800078d0      0x5b8 /opt/devkitpro/libogc2/lib/cube/libogc.a(video.o)
                0x800078d0                VIDEO_Configure
 .text.VIDEO_WaitVSync
                0x80007e88       0x68 /opt/devkitpro/libogc2/lib/cube/libogc.a(video.o)
                0x80007e88                VIDEO_WaitVSync
 .text.VIDEO_SetFramebuffer
                0x80007ef0       0xfc /opt/devkitpro/libogc2/lib/cube/libogc.a(video.o)
                0x80007ef0                VIDEO_SetFramebuffer
 .text.VIDEO_SetNextFramebuffer
                0x80007fec       0x5c /opt/devkitpro/libogc2/lib/cube/libogc.a(video.o)
                0x80007fec                VIDEO_SetNextFramebuffer
 .text.VIDEO_Flush
                0x80008048       0xe8 /opt/devkitpro/libogc2/lib/cube/libogc.a(video.o)
                0x80008048                VIDEO_Flush
 .text.VIDEO_SetBlack
                0x80008130      0x170 /opt/devkitpro/libogc2/lib/cube/libogc.a(video.o)
                0x80008130                VIDEO_SetBlack
 .text.VIDEO_GetCurrentTvMode
                0x800082a0       0x4c /opt/devkitpro/libogc2/lib/cube/libogc.a(video.o)
                0x800082a0                VIDEO_GetCurrentTvMode
 .text.VIDEO_GetScanMode
                0x800082ec       0x54 /opt/devkitpro/libogc2/lib/cube/libogc.a(video.o)
                0x800082ec                VIDEO_GetScanMode
 .text.VIDEO_Init
                0x80008340      0x510 /opt/devkitpro/libogc2/lib/cube/libogc.a(video.o)
                0x80008340                VIDEO_Init
 .text.VIDEO_GetPreferredMode
                0x80008850      0x16c /opt/devkitpro/libogc2/lib/cube/libogc.a(video.o)
                0x80008850                VIDEO_GetPreferredMode
 .text.VIDEO_GetCurrentLine
                0x800089bc       0x90 /opt/devkitpro/libogc2/lib/cube/libogc.a(video.o)
                0x800089bc                VIDEO_GetCurrentLine
 .text.VIDEO_GetFrameBufferSize
                0x80008a4c       0x1c /opt/devkitpro/libogc2/lib/cube/libogc.a(video.o)
                0x80008a4c                VIDEO_GetFrameBufferSize
 .text.SPEC1_MakeStatus
                0x80008a68      0x104 /opt/devkitpro/libogc2/lib/cube/libogc.a(pad.o)
 .text.__pad_samplinghandler
                0x80008b6c       0x14 /opt/devkitpro/libogc2/lib/cube/libogc.a(pad.o)
 .text.__pad_doreset
                0x80008b80       0x50 /opt/devkitpro/libogc2/lib/cube/libogc.a(pad.o)
 .text.__pad_updateorigin
                0x80008bd0      0x120 /opt/devkitpro/libogc2/lib/cube/libogc.a(pad.o)
 .text.__pad_disable
                0x80008cf0       0xb4 /opt/devkitpro/libogc2/lib/cube/libogc.a(pad.o)
 .text.__pad_receivecheckcallback
                0x80008da4       0x84 /opt/devkitpro/libogc2/lib/cube/libogc.a(pad.o)
 .text.__pad_typeandstatuscallback
                0x80008e28      0x1bc /opt/devkitpro/libogc2/lib/cube/libogc.a(pad.o)
 .text.__pad_originupdatecallback
                0x80008fe4       0x2c /opt/devkitpro/libogc2/lib/cube/libogc.a(pad.o)
 .text.SPEC2_MakeStatus
                0x80009010      0x3a4 /opt/devkitpro/libogc2/lib/cube/libogc.a(pad.o)
 .text.__pad_origincallback
                0x800093b4       0x74 /opt/devkitpro/libogc2/lib/cube/libogc.a(pad.o)
 .text.__pad_probecallback
                0x80009428       0x88 /opt/devkitpro/libogc2/lib/cube/libogc.a(pad.o)
 .text.__PADDisableRecalibration
                0x800094b0       0x58 /opt/devkitpro/libogc2/lib/cube/libogc.a(pad.o)
                0x800094b0                __PADDisableRecalibration
 .text.PAD_Reset
                0x80009508       0xec /opt/devkitpro/libogc2/lib/cube/libogc.a(pad.o)
                0x80009508                PAD_Reset
 .text.PAD_Read
                0x800095f4      0x2c8 /opt/devkitpro/libogc2/lib/cube/libogc.a(pad.o)
                0x800095f4                PAD_Read
 .text.PAD_Init
                0x800098bc       0xf8 /opt/devkitpro/libogc2/lib/cube/libogc.a(pad.o)
                0x800098bc                PAD_Init
 .text.PAD_Recalibrate
                0x800099b4       0xf4 /opt/devkitpro/libogc2/lib/cube/libogc.a(pad.o)
                0x800099b4                PAD_Recalibrate
 .text.__pad_onreset
                0x80009aa8       0xe4 /opt/devkitpro/libogc2/lib/cube/libogc.a(pad.o)
 .text.PAD_ScanPads
                0x80009b8c      0x170 /opt/devkitpro/libogc2/lib/cube/libogc.a(pad.o)
                0x80009b8c                PAD_ScanPads
 .text.PAD_ButtonsDown
                0x80009cfc       0x40 /opt/devkitpro/libogc2/lib/cube/libogc.a(pad.o)
                0x80009cfc                PAD_ButtonsDown
 .text.__exi_irq_handler
                0x80009d3c       0x58 /opt/devkitpro/libogc2/lib/cube/libogc.a(exi.o)
 .text.__ext_irq_handler
                0x80009d94       0xc8 /opt/devkitpro/libogc2/lib/cube/libogc.a(exi.o)
 .text.__tc_irq_handler
                0x80009e5c      0x178 /opt/devkitpro/libogc2/lib/cube/libogc.a(exi.o)
 .text.__exi_probe
                0x80009fd4      0x214 /opt/devkitpro/libogc2/lib/cube/libogc.a(exi.o)
 .text.__exi_attach
                0x8000a1e8       0xf8 /opt/devkitpro/libogc2/lib/cube/libogc.a(exi.o)
 .text.EXI_Lock
                0x8000a2e0      0x208 /opt/devkitpro/libogc2/lib/cube/libogc.a(exi.o)
                0x8000a2e0                EXI_Lock
 .text.EXI_Unlock
                0x8000a4e8      0x218 /opt/devkitpro/libogc2/lib/cube/libogc.a(exi.o)
                0x8000a4e8                EXI_Unlock
 .text.EXI_Select
                0x8000a700      0x1f4 /opt/devkitpro/libogc2/lib/cube/libogc.a(exi.o)
                0x8000a700                EXI_Select
 .text.EXI_Deselect
                0x8000a8f4      0x160 /opt/devkitpro/libogc2/lib/cube/libogc.a(exi.o)
                0x8000a8f4                EXI_Deselect
 .text.EXI_Sync
                0x8000aa54      0x100 /opt/devkitpro/libogc2/lib/cube/libogc.a(exi.o)
                0x8000aa54                EXI_Sync
 .text.EXI_Imm  0x8000ab54      0x1e8 /opt/devkitpro/libogc2/lib/cube/libogc.a(exi.o)
                0x8000ab54                EXI_Imm
 .text.EXI_ImmEx
                0x8000ad3c       0xd8 /opt/devkitpro/libogc2/lib/cube/libogc.a(exi.o)
                0x8000ad3c                EXI_ImmEx
 .text.EXI_Dma  0x8000ae14      0x15c /opt/devkitpro/libogc2/lib/cube/libogc.a(exi.o)
                0x8000ae14                EXI_Dma
 .text.EXI_Detach
                0x8000af70       0xa4 /opt/devkitpro/libogc2/lib/cube/libogc.a(exi.o)
                0x8000af70                EXI_Detach
 .text.EXI_GetID
                0x8000b014      0x394 /opt/devkitpro/libogc2/lib/cube/libogc.a(exi.o)
                0x8000b014                EXI_GetID
 .text.__unlocked_handler
                0x8000b3a8       0x28 /opt/devkitpro/libogc2/lib/cube/libogc.a(exi.o)
 .text.EXI_ProbeReset
                0x8000b3d0       0x60 /opt/devkitpro/libogc2/lib/cube/libogc.a(exi.o)
                0x8000b3d0                EXI_ProbeReset
 .text.__exi_init
                0x8000b430      0x1c4 /opt/devkitpro/libogc2/lib/cube/libogc.a(exi.o)
                0x8000b430                __exi_init
 .text.__lwp_mutex_locksupp
                0x8000b5f4      0x2b0 /opt/devkitpro/libogc2/lib/cube/libogc.a(mutex.o)
 .text.__lwp_mutex_init
                0x8000b8a4       0x14 /opt/devkitpro/libogc2/lib/cube/libogc.a(mutex.o)
                0x8000b8a4                __lwp_mutex_init
 .text.LWP_MutexInit
                0x8000b8b8      0x100 /opt/devkitpro/libogc2/lib/cube/libogc.a(mutex.o)
                0x8000b8b8                LWP_MutexInit
 .text.LWP_MutexDestroy
                0x8000b9b8       0xf0 /opt/devkitpro/libogc2/lib/cube/libogc.a(mutex.o)
                0x8000b9b8                LWP_MutexDestroy
 .text.LWP_MutexLock
                0x8000baa8       0x10 /opt/devkitpro/libogc2/lib/cube/libogc.a(mutex.o)
                0x8000baa8                LWP_MutexLock
 .text.LWP_MutexUnlock
                0x8000bab8       0x9c /opt/devkitpro/libogc2/lib/cube/libogc.a(mutex.o)
                0x8000bab8                LWP_MutexUnlock
 .text.__call_resetfuncs
                0x8000bb54       0xbc /opt/devkitpro/libogc2/lib/cube/libogc.a(system.o)
 .text.__MEMInterruptHandler
                0x8000bc10       0x14 /opt/devkitpro/libogc2/lib/cube/libogc.a(system.o)
 .text.__RSWDefaultHandler
                0x8000bc24        0x4 /opt/devkitpro/libogc2/lib/cube/libogc.a(system.o)
 .text.__getrtc
                0x8000bc28      0x13c /opt/devkitpro/libogc2/lib/cube/libogc.a(system.o)
 .text.__sram_write
                0x8000bd64      0x130 /opt/devkitpro/libogc2/lib/cube/libogc.a(system.o)
 .text.__sram_writecallback
                0x8000be94       0x54 /opt/devkitpro/libogc2/lib/cube/libogc.a(system.o)
 .text.__RSWHandler
                0x8000bee8       0xa0 /opt/devkitpro/libogc2/lib/cube/libogc.a(system.o)
 .text.__mem_onreset
                0x8000bf88       0x48 /opt/devkitpro/libogc2/lib/cube/libogc.a(system.o)
 .text.__unlocksram
                0x8000bfd0      0x178 /opt/devkitpro/libogc2/lib/cube/libogc.a(system.o)
 .text.__sys_alarmhandler
                0x8000c148      0x140 /opt/devkitpro/libogc2/lib/cube/libogc.a(system.o)
 .text.__reload
                0x8000c288       0xbc /opt/devkitpro/libogc2/lib/cube/libogc.a(system.o)
                0x8000c288                __reload
 .text.__SYS_GetRTC
                0x8000c344       0xa0 /opt/devkitpro/libogc2/lib/cube/libogc.a(system.o)
                0x8000c344                __SYS_GetRTC
 .text.__SYS_SetTime
                0x8000c3e4       0x9c /opt/devkitpro/libogc2/lib/cube/libogc.a(system.o)
                0x8000c3e4                __SYS_SetTime
 .text.__SYS_GetSystemTime
                0x8000c480       0x64 /opt/devkitpro/libogc2/lib/cube/libogc.a(system.o)
                0x8000c480                __SYS_GetSystemTime
 .text.__SYS_PreInit
                0x8000c4e4        0x4 /opt/devkitpro/libogc2/lib/cube/libogc.a(system.o)
                0x8000c4e4                __SYS_PreInit
 .text.SYS_PreMain
                0x8000c4e8       0xcc /opt/devkitpro/libogc2/lib/cube/libogc.a(system.o)
                0x8000c4e8                SYS_PreMain
 .text.SYS_ResetButtonDown
                0x8000c5b4       0x18 /opt/devkitpro/libogc2/lib/cube/libogc.a(system.o)
                0x8000c5b4                SYS_ResetButtonDown
 .text.SYS_ResetSystem
                0x8000c5cc      0x2e0 /opt/devkitpro/libogc2/lib/cube/libogc.a(system.o)
                0x8000c5cc                SYS_ResetSystem
 .text.__syscall_exit
                0x8000c8ac       0x80 /opt/devkitpro/libogc2/lib/cube/libogc.a(system.o)
                0x8000c8ac                __syscall_exit
 .text.SYS_RegisterResetFunc
                0x8000c92c       0x6c /opt/devkitpro/libogc2/lib/cube/libogc.a(system.o)
                0x8000c92c                SYS_RegisterResetFunc
 .text.SYS_SetArena1Lo
                0x8000c998       0x2c /opt/devkitpro/libogc2/lib/cube/libogc.a(system.o)
                0x8000c998                SYS_SetArena1Lo
 .text.SYS_GetArena1Lo
                0x8000c9c4       0x2c /opt/devkitpro/libogc2/lib/cube/libogc.a(system.o)
                0x8000c9c4                SYS_GetArena1Lo
 .text.SYS_GetArena1Hi
                0x8000c9f0       0x2c /opt/devkitpro/libogc2/lib/cube/libogc.a(system.o)
                0x8000c9f0                SYS_GetArena1Hi
 .text.SYS_AllocateFramebuffer
                0x8000ca1c       0x28 /opt/devkitpro/libogc2/lib/cube/libogc.a(system.o)
                0x8000ca1c                SYS_AllocateFramebuffer
 .text.SYS_CreateAlarm
                0x8000ca44       0xf0 /opt/devkitpro/libogc2/lib/cube/libogc.a(system.o)
                0x8000ca44                SYS_CreateAlarm
 .text.SYS_SetAlarm
                0x8000cb34      0x204 /opt/devkitpro/libogc2/lib/cube/libogc.a(system.o)
                0x8000cb34                SYS_SetAlarm
 .text.SYS_CancelAlarm
                0x8000cd38       0xbc /opt/devkitpro/libogc2/lib/cube/libogc.a(system.o)
                0x8000cd38                SYS_CancelAlarm
 .text.SYS_GetDisplayOffsetH
                0x8000cdf4       0x68 /opt/devkitpro/libogc2/lib/cube/libogc.a(system.o)
                0x8000cdf4                SYS_GetDisplayOffsetH
 .text.SYS_GetEuRGB60
                0x8000ce5c       0x6c /opt/devkitpro/libogc2/lib/cube/libogc.a(system.o)
                0x8000ce5c                SYS_GetEuRGB60
 .text.SYS_GetProgressiveScan
                0x8000cec8       0x6c /opt/devkitpro/libogc2/lib/cube/libogc.a(system.o)
                0x8000cec8                SYS_GetProgressiveScan
 .text.SYS_GetVideoMode
                0x8000cf34       0x6c /opt/devkitpro/libogc2/lib/cube/libogc.a(system.o)
                0x8000cf34                SYS_GetVideoMode
 .text.SYS_GetWirelessID
                0x8000cfa0       0x80 /opt/devkitpro/libogc2/lib/cube/libogc.a(system.o)
                0x8000cfa0                SYS_GetWirelessID
 .text.SYS_SetWirelessID
                0x8000d020       0x84 /opt/devkitpro/libogc2/lib/cube/libogc.a(system.o)
                0x8000d020                SYS_SetWirelessID
 .text.SYS_SetGBSMode
                0x8000d0a4       0x9c /opt/devkitpro/libogc2/lib/cube/libogc.a(system.o)
                0x8000d0a4                SYS_SetGBSMode
 .text.__sram_init
                0x8000d140      0x1a8 /opt/devkitpro/libogc2/lib/cube/libogc.a(system.o)
                0x8000d140                __sram_init
 .text.SYS_Init
                0x8000d2e8      0x5e8 /opt/devkitpro/libogc2/lib/cube/libogc.a(system.o)
                0x8000d2e8                SYS_Init
 .text.__lwp_cond_init
                0x8000d8d0       0x14 /opt/devkitpro/libogc2/lib/cube/libogc.a(cond.o)
                0x8000d8d0                __lwp_cond_init
 .text.__decrementer_init
                0x8000d8e4        0x4 /opt/devkitpro/libogc2/lib/cube/libogc.a(decrementer.o)
                0x8000d8e4                __decrementer_init
 .text.c_decrementer_handler
                0x8000d8e8        0xc /opt/devkitpro/libogc2/lib/cube/libogc.a(decrementer.o)
                0x8000d8e8                c_decrementer_handler
 .text.__lwp_mqbox_init
                0x8000d8f4       0x14 /opt/devkitpro/libogc2/lib/cube/libogc.a(message.o)
                0x8000d8f4                __lwp_mqbox_init
 .text.__si_transfer
                0x8000d908      0x194 /opt/devkitpro/libogc2/lib/cube/libogc.a(si.o)
 .text.__si_alarmhandler
                0x8000da9c       0xdc /opt/devkitpro/libogc2/lib/cube/libogc.a(si.o)
 .text.__si_completetransfer
                0x8000db78      0x20c /opt/devkitpro/libogc2/lib/cube/libogc.a(si.o)
 .text.__si_transfernext
                0x8000dd84       0xe0 /opt/devkitpro/libogc2/lib/cube/libogc.a(si.o)
 .text.SI_Busy  0x8000de64       0x18 /opt/devkitpro/libogc2/lib/cube/libogc.a(si.o)
                0x8000de64                SI_Busy
 .text.SI_IsChanBusy
                0x8000de7c       0x38 /opt/devkitpro/libogc2/lib/cube/libogc.a(si.o)
                0x8000de7c                SI_IsChanBusy
 .text.SI_SetXY
                0x8000deb4       0x58 /opt/devkitpro/libogc2/lib/cube/libogc.a(si.o)
                0x8000deb4                SI_SetXY
 .text.SI_EnablePolling
                0x8000df0c       0x74 /opt/devkitpro/libogc2/lib/cube/libogc.a(si.o)
                0x8000df0c                SI_EnablePolling
 .text.SI_DisablePolling
                0x8000df80       0x4c /opt/devkitpro/libogc2/lib/cube/libogc.a(si.o)
                0x8000df80                SI_DisablePolling
 .text.SI_SetSamplingRate
                0x8000dfcc       0xcc /opt/devkitpro/libogc2/lib/cube/libogc.a(si.o)
                0x8000dfcc                SI_SetSamplingRate
 .text.SI_RefreshSamplingRate
                0x8000e098        0x8 /opt/devkitpro/libogc2/lib/cube/libogc.a(si.o)
                0x8000e098                SI_RefreshSamplingRate
 .text.SI_GetStatus
                0x8000e0a0       0x6c /opt/devkitpro/libogc2/lib/cube/libogc.a(si.o)
                0x8000e0a0                SI_GetStatus
 .text.SI_GetResponseRaw
                0x8000e10c       0xd8 /opt/devkitpro/libogc2/lib/cube/libogc.a(si.o)
                0x8000e10c                SI_GetResponseRaw
 .text.SI_GetResponse
                0x8000e1e4       0xa4 /opt/devkitpro/libogc2/lib/cube/libogc.a(si.o)
                0x8000e1e4                SI_GetResponse
 .text.SI_SetCommand
                0x8000e288       0x10 /opt/devkitpro/libogc2/lib/cube/libogc.a(si.o)
                0x8000e288                SI_SetCommand
 .text.SI_Transfer
                0x8000e298      0x284 /opt/devkitpro/libogc2/lib/cube/libogc.a(si.o)
                0x8000e298                SI_Transfer
 .text.__si_gettypecallback
                0x8000e51c      0x2c0 /opt/devkitpro/libogc2/lib/cube/libogc.a(si.o)
 .text.__si_interrupthandler
                0x8000e7dc      0x268 /opt/devkitpro/libogc2/lib/cube/libogc.a(si.o)
 .text.SI_GetType
                0x8000ea44      0x198 /opt/devkitpro/libogc2/lib/cube/libogc.a(si.o)
                0x8000ea44                SI_GetType
 .text.SI_GetTypeAsync
                0x8000ebdc       0xf4 /opt/devkitpro/libogc2/lib/cube/libogc.a(si.o)
                0x8000ebdc                SI_GetTypeAsync
 .text.SI_EnablePollingInterrupt
                0x8000ecd0       0x80 /opt/devkitpro/libogc2/lib/cube/libogc.a(si.o)
                0x8000ecd0                SI_EnablePollingInterrupt
 .text.SI_UnregisterPollingHandler
                0x8000ed50       0xd0 /opt/devkitpro/libogc2/lib/cube/libogc.a(si.o)
                0x8000ed50                SI_UnregisterPollingHandler
 .text.__si_init
                0x8000ee20       0xe4 /opt/devkitpro/libogc2/lib/cube/libogc.a(si.o)
                0x8000ee20                __si_init
 .text.gettick  0x8000ef04        0x8 /opt/devkitpro/libogc2/lib/cube/libogc.a(timesupp.o)
                0x8000ef04                gettick
 .text.gettime  0x8000ef0c       0x18 /opt/devkitpro/libogc2/lib/cube/libogc.a(timesupp.o)
                0x8000ef0c                gettime
 .text.settime  0x8000ef24       0x14 /opt/devkitpro/libogc2/lib/cube/libogc.a(timesupp.o)
                0x8000ef24                settime
 .text.diff_usec
                0x8000ef38       0x88 /opt/devkitpro/libogc2/lib/cube/libogc.a(timesupp.o)
                0x8000ef38                diff_usec
 .text.udelay   0x8000efc0       0xac /opt/devkitpro/libogc2/lib/cube/libogc.a(timesupp.o)
                0x8000efc0                udelay
 .text.__syscall_lock_init
                0x8000f06c       0x6c /opt/devkitpro/libogc2/lib/cube/libogc.a(lock_supp.o)
                0x8000f06c                __syscall_lock_init
 .text.__syscall_lock_init_recursive
                0x8000f0d8       0x6c /opt/devkitpro/libogc2/lib/cube/libogc.a(lock_supp.o)
                0x8000f0d8                __syscall_lock_init_recursive
 .text.__syscall_lock_close
                0x8000f144       0x68 /opt/devkitpro/libogc2/lib/cube/libogc.a(lock_supp.o)
                0x8000f144                __syscall_lock_close
 .text.__syscall_lock_acquire
                0x8000f1ac       0x18 /opt/devkitpro/libogc2/lib/cube/libogc.a(lock_supp.o)
                0x8000f1ac                __syscall_lock_acquire
 .text.__syscall_lock_release
                0x8000f1c4       0x18 /opt/devkitpro/libogc2/lib/cube/libogc.a(lock_supp.o)
                0x8000f1c4                __syscall_lock_release
 .text.__libc_create_hook
                0x8000f1dc       0x10 /opt/devkitpro/libogc2/lib/cube/libogc.a(newlibc.o)
                0x8000f1dc                __libc_create_hook
 .text.__libc_start_hook
                0x8000f1ec       0xb0 /opt/devkitpro/libogc2/lib/cube/libogc.a(newlibc.o)
                0x8000f1ec                __libc_start_hook
 .text.__libc_delete_hook
                0x8000f29c       0xe8 /opt/devkitpro/libogc2/lib/cube/libogc.a(newlibc.o)
                0x8000f29c                __libc_delete_hook
 .text.__libc_init
                0x8000f384       0xc4 /opt/devkitpro/libogc2/lib/cube/libogc.a(newlibc.o)
                0x8000f384                __libc_init
 .text.__usbgecko_exi_unlock
                0x8000f448       0x34 /opt/devkitpro/libogc2/lib/cube/libogc.a(usbgecko.o)
 .text.usb_isgeckoalive
                0x8000f47c      0x1b4 /opt/devkitpro/libogc2/lib/cube/libogc.a(usbgecko.o)
                0x8000f47c                usb_isgeckoalive
 .text.usb_sendbuffer_ex
                0x8000f630      0x208 /opt/devkitpro/libogc2/lib/cube/libogc.a(usbgecko.o)
                0x8000f630                usb_sendbuffer_ex
 .text.usb_sendbuffer
                0x8000f838        0x8 /opt/devkitpro/libogc2/lib/cube/libogc.a(usbgecko.o)
                0x8000f838                usb_sendbuffer
 .text.usb_sendbuffer_safe_ex
                0x8000f840      0x29c /opt/devkitpro/libogc2/lib/cube/libogc.a(usbgecko.o)
                0x8000f840                usb_sendbuffer_safe_ex
 .text.usb_sendbuffer_safe
                0x8000fadc        0x8 /opt/devkitpro/libogc2/lib/cube/libogc.a(usbgecko.o)
                0x8000fadc                usb_sendbuffer_safe
 .text._sbrk_r  0x8000fae4       0xd0 /opt/devkitpro/libogc2/lib/cube/libogc.a(sbrk.o)
                0x8000fae4                _sbrk_r
 .text.__memlock_init
                0x8000fbb4       0x7c /opt/devkitpro/libogc2/lib/cube/libogc.a(malloc_lock.o)
                0x8000fbb4                __memlock_init
 .text.__syscall_malloc_lock
                0x8000fc30      0x1d4 /opt/devkitpro/libogc2/lib/cube/libogc.a(malloc_lock.o)
                0x8000fc30                __syscall_malloc_lock
 .text.__syscall_malloc_unlock
                0x8000fe04       0x64 /opt/devkitpro/libogc2/lib/cube/libogc.a(malloc_lock.o)
                0x8000fe04                __syscall_malloc_unlock
 .text.__CheckARGV
                0x8000fe68       0x80 /opt/devkitpro/libogc2/lib/cube/libogc.a(argv.o)
                0x8000fe68                __CheckARGV
 .text.__lwp_priority_init
                0x8000fee8       0x1c /opt/devkitpro/libogc2/lib/cube/libogc.a(lwp_priority.o)
                0x8000fee8                __lwp_priority_init
 .text.__lwp_queue_initialize
                0x8000ff04       0x98 /opt/devkitpro/libogc2/lib/cube/libogc.a(lwp_queue.o)
                0x8000ff04                __lwp_queue_initialize
 .text.__lwp_queue_get
                0x8000ff9c       0x64 /opt/devkitpro/libogc2/lib/cube/libogc.a(lwp_queue.o)
                0x8000ff9c                __lwp_queue_get
 .text.__lwp_queue_append
                0x80010000       0x40 /opt/devkitpro/libogc2/lib/cube/libogc.a(lwp_queue.o)
                0x80010000                __lwp_queue_append
 .text.__lwp_threadqueue_enqueuefifo
                0x80010040      0x124 /opt/devkitpro/libogc2/lib/cube/libogc.a(lwp_threadq.o)
                0x80010040                __lwp_threadqueue_enqueuefifo
 .text.__lwp_threadqueue_dequeuefifo
                0x80010164      0x124 /opt/devkitpro/libogc2/lib/cube/libogc.a(lwp_threadq.o)
                0x80010164                __lwp_threadqueue_dequeuefifo
 .text.__lwp_threadqueue_enqueuepriority
                0x80010288      0x30c /opt/devkitpro/libogc2/lib/cube/libogc.a(lwp_threadq.o)
                0x80010288                __lwp_threadqueue_enqueuepriority
 .text.__lwp_threadqueue_dequeuepriority
                0x80010594      0x1c4 /opt/devkitpro/libogc2/lib/cube/libogc.a(lwp_threadq.o)
                0x80010594                __lwp_threadqueue_dequeuepriority
 .text.__lwp_threadqueue_init
                0x80010758       0x64 /opt/devkitpro/libogc2/lib/cube/libogc.a(lwp_threadq.o)
                0x80010758                __lwp_threadqueue_init
 .text.__lwp_threadqueue_enqueue
                0x800107bc      0x138 /opt/devkitpro/libogc2/lib/cube/libogc.a(lwp_threadq.o)
                0x800107bc                __lwp_threadqueue_enqueue
 .text.__lwp_threadqueue_dequeue
                0x800108f4       0x24 /opt/devkitpro/libogc2/lib/cube/libogc.a(lwp_threadq.o)
                0x800108f4                __lwp_threadqueue_dequeue
 .text.__lwp_threadqueue_flush
                0x80010918       0x68 /opt/devkitpro/libogc2/lib/cube/libogc.a(lwp_threadq.o)
                0x80010918                __lwp_threadqueue_flush
 .text.__lwp_threadqueue_extractfifo
                0x80010980       0xdc /opt/devkitpro/libogc2/lib/cube/libogc.a(lwp_threadq.o)
                0x80010980                __lwp_threadqueue_extractfifo
 .text.__lwp_threadqueue_extractpriority
                0x80010a5c      0x138 /opt/devkitpro/libogc2/lib/cube/libogc.a(lwp_threadq.o)
                0x80010a5c                __lwp_threadqueue_extractpriority
 .text.__lwp_threadqueue_timeout
                0x80010b94       0xd0 /opt/devkitpro/libogc2/lib/cube/libogc.a(lwp_threadq.o)
 .text.__lwp_threadqueue_extractproxy
                0x80010c64       0x64 /opt/devkitpro/libogc2/lib/cube/libogc.a(lwp_threadq.o)
                0x80010c64                __lwp_threadqueue_extractproxy
 .text.__lwp_mutex_initialize
                0x80010cc8       0xa4 /opt/devkitpro/libogc2/lib/cube/libogc.a(lwp_mutex.o)
                0x80010cc8                __lwp_mutex_initialize
 .text.__lwp_mutex_surrender
                0x80010d6c      0x14c /opt/devkitpro/libogc2/lib/cube/libogc.a(lwp_mutex.o)
                0x80010d6c                __lwp_mutex_surrender
 .text.__lwp_mutex_seize_irq_blocking
                0x80010eb8       0xf8 /opt/devkitpro/libogc2/lib/cube/libogc.a(lwp_mutex.o)
                0x80010eb8                __lwp_mutex_seize_irq_blocking
 .text.__lwp_mutex_flush
                0x80010fb0        0x4 /opt/devkitpro/libogc2/lib/cube/libogc.a(lwp_mutex.o)
                0x80010fb0                __lwp_mutex_flush
 .text.__systemcall_init
                0x80010fb4       0x70 /opt/devkitpro/libogc2/lib/cube/libogc.a(exception.o)
                0x80010fb4                __systemcall_init
 .text.__exception_init
                0x80011024      0x120 /opt/devkitpro/libogc2/lib/cube/libogc.a(exception.o)
                0x80011024                __exception_init
 .text.__exception_close
                0x80011144       0x9c /opt/devkitpro/libogc2/lib/cube/libogc.a(exception.o)
                0x80011144                __exception_close
 .text.__exception_closeall
                0x800111e0       0x80 /opt/devkitpro/libogc2/lib/cube/libogc.a(exception.o)
                0x800111e0                __exception_closeall
 .text.c_default_exceptionhandler
                0x80011260      0x45c /opt/devkitpro/libogc2/lib/cube/libogc.a(exception.o)
                0x80011260                c_default_exceptionhandler
 .text.__SetInterrupts
                0x800116bc      0x25c /opt/devkitpro/libogc2/lib/cube/libogc.a(irq.o)
 .text.c_irqdispatcher
                0x80011918      0x278 /opt/devkitpro/libogc2/lib/cube/libogc.a(irq.o)
                0x80011918                c_irqdispatcher
 .text.__UnmaskIrq
                0x80011b90       0x7c /opt/devkitpro/libogc2/lib/cube/libogc.a(irq.o)
                0x80011b90                __UnmaskIrq
 .text.__MaskIrq
                0x80011c0c       0x7c /opt/devkitpro/libogc2/lib/cube/libogc.a(irq.o)
                0x80011c0c                __MaskIrq
 .text.__irq_init
                0x80011c88       0x84 /opt/devkitpro/libogc2/lib/cube/libogc.a(irq.o)
                0x80011c88                __irq_init
 .text.IRQ_Request
                0x80011d0c       0x3c /opt/devkitpro/libogc2/lib/cube/libogc.a(irq.o)
                0x80011d0c                IRQ_Request
 .text.IRQ_GetHandler
                0x80011d48       0x38 /opt/devkitpro/libogc2/lib/cube/libogc.a(irq.o)
                0x80011d48                IRQ_GetHandler
 .text.GX_AbortFrame
                0x80011d80      0x284 /opt/devkitpro/libogc2/lib/cube/libogc.a(gx.o)
                0x80011d80                GX_AbortFrame
 .text.number   0x80012004      0x318 /opt/devkitpro/libogc2/lib/cube/libogc.a(kprintf.o)
 .text.kvsprintf
                0x8001231c      0x888 /opt/devkitpro/libogc2/lib/cube/libogc.a(kprintf.o)
                0x8001231c                kvsprintf
 .text.kprintf  0x80012ba4       0xac /opt/devkitpro/libogc2/lib/cube/libogc.a(kprintf.o)
                0x80012ba4                kprintf
 .text.__udivdi3
                0x80012c50      0x3bc /opt/devkitpro/devkitPPC/bin/../lib/gcc/powerpc-eabi/13.1.0/libgcc.a(_udivdi3.o)
                0x80012c50                __udivdi3
 .text.unlikely.abort
                0x8001300c       0x28 /opt/devkitpro/devkitPPC/bin/../lib/gcc/powerpc-eabi/13.1.0/../../../../powerpc-eabi/lib/libsysbase.a(libsysbase_libsysbase_a-abort.o)
                0x8001300c                abort
 .text.build_argv
                0x80013034      0x118 /opt/devkitpro/devkitPPC/bin/../lib/gcc/powerpc-eabi/13.1.0/../../../../powerpc-eabi/lib/libsysbase.a(libsysbase_libsysbase_a-build_argv.o)
                0x80013034                build_argv
 .text.__getreent
                0x8001314c       0x20 /opt/devkitpro/devkitPPC/bin/../lib/gcc/powerpc-eabi/13.1.0/../../../../powerpc-eabi/lib/libsysbase.a(libsysbase_libsysbase_a-getreent.o)
                0x8001314c                __getreent
 .text.null_write
                0x8001316c        0x8 /opt/devkitpro/devkitPPC/bin/../lib/gcc/powerpc-eabi/13.1.0/../../../../powerpc-eabi/lib/libsysbase.a(libsysbase_libsysbase_a-iosupport.o)
 .text._exit    0x80013174       0x28 /opt/devkitpro/devkitPPC/bin/../lib/gcc/powerpc-eabi/13.1.0/../../../../powerpc-eabi/lib/libsysbase.a(libsysbase_libsysbase_a-_exit.o)
                0x80013174                _exit
 .text.write    0x8001319c       0x50 /opt/devkitpro/devkitPPC/bin/../lib/gcc/powerpc-eabi/13.1.0/../../../../powerpc-eabi/lib/libc.a(libc_a-syswrite.o)
                0x8001319c                write
 .text.memalign
                0x800131ec       0x40 /opt/devkitpro/devkitPPC/bin/../lib/gcc/powerpc-eabi/13.1.0/../../../../powerpc-eabi/lib/libc.a(libc_a-malign.o)
                0x800131ec                memalign
 .text._memalign_r
                0x8001322c      0x1bc /opt/devkitpro/devkitPPC/bin/../lib/gcc/powerpc-eabi/13.1.0/../../../../powerpc-eabi/lib/libc.a(libc_a-malignr.o)
                0x8001322c                _memalign_r
 .text._puts_r  0x800133e8      0x130 /opt/devkitpro/devkitPPC/bin/../lib/gcc/powerpc-eabi/13.1.0/../../../../powerpc-eabi/lib/libc.a(libc_a-puts.o)
                0x800133e8                _puts_r
 .text.puts     0x80013518       0x30 /opt/devkitpro/devkitPPC/bin/../lib/gcc/powerpc-eabi/13.1.0/../../../../powerpc-eabi/lib/libc.a(libc_a-puts.o)
                0x80013518                puts
 .text.calloc   0x80013548       0x40 /opt/devkitpro/devkitPPC/bin/../lib/gcc/powerpc-eabi/13.1.0/../../../../powerpc-eabi/lib/libc.a(libc_a-calloc.o)
                0x80013548                calloc
 .text.setvbuf  0x80013588      0x2d0 /opt/devkitpro/devkitPPC/bin/../lib/gcc/powerpc-eabi/13.1.0/../../../../powerpc-eabi/lib/libc.a(libc_a-setvbuf.o)
                0x80013588                setvbuf
 .text._calloc_r
                0x80013858      0x100 /opt/devkitpro/devkitPPC/bin/../lib/gcc/powerpc-eabi/13.1.0/../../../../powerpc-eabi/lib/libc.a(libc_a-callocr.o)
                0x80013858                _calloc_r
 .text.exit     0x80013958       0x3c /opt/devkitpro/devkitPPC/bin/../lib/gcc/powerpc-eabi/13.1.0/../../../../powerpc-eabi/lib/libc.a(libc_a-exit.o)
                0x80013958                exit
 .text._malloc_trim_r
                0x80013994      0x138 /opt/devkitpro/devkitPPC/bin/../lib/gcc/powerpc-eabi/13.1.0/../../../../powerpc-eabi/lib/libc.a(libc_a-freer.o)
                0x80013994                _malloc_trim_r
 .text._free_r  0x80013acc      0x330 /opt/devkitpro/devkitPPC/bin/../lib/gcc/powerpc-eabi/13.1.0/../../../../powerpc-eabi/lib/libc.a(libc_a-freer.o)
                0x80013acc                _free_r
 .text.memcpy   0x80013dfc      0x124 /opt/devkitpro/devkitPPC/bin/../lib/gcc/powerpc-eabi/13.1.0/../../../../powerpc-eabi/lib/libc.a(libc_a-memcpy.o)
                0x80013dfc                memcpy
 .text.malloc   0x80013f20       0x30 /opt/devkitpro/devkitPPC/bin/../lib/gcc/powerpc-eabi/13.1.0/../../../../powerpc-eabi/lib/libc.a(libc_a-malloc.o)
                0x80013f20                malloc
 .text.free     0x80013f50       0x30 /opt/devkitpro/devkitPPC/bin/../lib/gcc/powerpc-eabi/13.1.0/../../../../powerpc-eabi/lib/libc.a(libc_a-malloc.o)
                0x80013f50                free
 .text.memmove  0x80013f80      0x1bc /opt/devkitpro/devkitPPC/bin/../lib/gcc/powerpc-eabi/13.1.0/../../../../powerpc-eabi/lib/libc.a(libc_a-memmove.o)
                0x80013f80                memmove
 .text._malloc_r
                0x8001413c      0x860 /opt/devkitpro/devkitPPC/bin/../lib/gcc/powerpc-eabi/13.1.0/../../../../powerpc-eabi/lib/libc.a(libc_a-mallocr.o)
                0x8001413c                _malloc_r
 .text.memset   0x8001499c      0x198 /opt/devkitpro/devkitPPC/bin/../lib/gcc/powerpc-eabi/13.1.0/../../../../powerpc-eabi/lib/libc.a(libc_a-memset.o)
                0x8001499c                memset
 .text.strlen   0x80014b34       0x80 /opt/devkitpro/devkitPPC/bin/../lib/gcc/powerpc-eabi/13.1.0/../../../../powerpc-eabi/lib/libc.a(libc_a-strlen.o)
                0x80014b34                strlen
 .text.__sflush_r
                0x80014bb4      0x2f4 /opt/devkitpro/devkitPPC/bin/../lib/gcc/powerpc-eabi/13.1.0/../../../../powerpc-eabi/lib/libc.a(libc_a-fflush.o)
                0x80014bb4                __sflush_r
 .text._fflush_r
                0x80014ea8      0x108 /opt/devkitpro/devkitPPC/bin/../lib/gcc/powerpc-eabi/13.1.0/../../../../powerpc-eabi/lib/libc.a(libc_a-fflush.o)
                0x80014ea8                _fflush_r
 .text.__sfvwrite_r
                0x80014fb0      0x5b0 /opt/devkitpro/devkitPPC/bin/../lib/gcc/powerpc-eabi/13.1.0/../../../../powerpc-eabi/lib/libc.a(libc_a-fvwrite.o)
                0x80014fb0                __sfvwrite_r
 .text._fwalk_sglue
                0x80015560       0xb4 /opt/devkitpro/devkitPPC/bin/../lib/gcc/powerpc-eabi/13.1.0/../../../../powerpc-eabi/lib/libc.a(libc_a-fwalk.o)
                0x80015560                _fwalk_sglue
 .text.stdio_exit_handler
                0x80015614       0x1c /opt/devkitpro/devkitPPC/bin/../lib/gcc/powerpc-eabi/13.1.0/../../../../powerpc-eabi/lib/libc.a(libc_a-findfp.o)
 .text.cleanup_stdio
                0x80015630       0x88 /opt/devkitpro/devkitPPC/bin/../lib/gcc/powerpc-eabi/13.1.0/../../../../powerpc-eabi/lib/libc.a(libc_a-findfp.o)
 .text.global_stdio_init.part.0
                0x800156b8      0x184 /opt/devkitpro/devkitPPC/bin/../lib/gcc/powerpc-eabi/13.1.0/../../../../powerpc-eabi/lib/libc.a(libc_a-findfp.o)
 .text.__sinit  0x8001583c       0xa4 /opt/devkitpro/devkitPPC/bin/../lib/gcc/powerpc-eabi/13.1.0/../../../../powerpc-eabi/lib/libc.a(libc_a-findfp.o)
                0x8001583c                __sinit
 .text.__sfp_lock_acquire
                0x800158e0       0x40 /opt/devkitpro/devkitPPC/bin/../lib/gcc/powerpc-eabi/13.1.0/../../../../powerpc-eabi/lib/libc.a(libc_a-findfp.o)
                0x800158e0                __sfp_lock_acquire
 .text.__sfp_lock_release
                0x80015920        0xc /opt/devkitpro/devkitPPC/bin/../lib/gcc/powerpc-eabi/13.1.0/../../../../powerpc-eabi/lib/libc.a(libc_a-findfp.o)
                0x80015920                __sfp_lock_release
 .text._realloc_r
                0x8001592c      0x584 /opt/devkitpro/devkitPPC/bin/../lib/gcc/powerpc-eabi/13.1.0/../../../../powerpc-eabi/lib/libc.a(libc_a-reallocr.o)
                0x8001592c                _realloc_r
 .text.strnlen  0x80015eb0       0xc8 /opt/devkitpro/devkitPPC/bin/../lib/gcc/powerpc-eabi/13.1.0/../../../../powerpc-eabi/lib/libc.a(libc_a-strnlen.o)
                0x80015eb0                strnlen
 .text._reclaim_reent
                0x80015f78       0xe4 /opt/devkitpro/devkitPPC/bin/../lib/gcc/powerpc-eabi/13.1.0/../../../../powerpc-eabi/lib/libc.a(libc_a-reent.o)
                0x80015f78                _reclaim_reent
 .text.__errno  0x8001605c       0x20 /opt/devkitpro/devkitPPC/bin/../lib/gcc/powerpc-eabi/13.1.0/../../../../powerpc-eabi/lib/libc.a(libc_a-errno.o)
                0x8001605c                __errno
 .text.__smakebuf_r
                0x8001607c      0x188 /opt/devkitpro/devkitPPC/bin/../lib/gcc/powerpc-eabi/13.1.0/../../../../powerpc-eabi/lib/libc.a(libc_a-makebuf.o)
                0x8001607c                __smakebuf_r
 .text.__swhatbuf_r
                0x80016204       0xec /opt/devkitpro/devkitPPC/bin/../lib/gcc/powerpc-eabi/13.1.0/../../../../powerpc-eabi/lib/libc.a(libc_a-makebuf.o)
                0x80016204                __swhatbuf_r
 .text.__call_exitprocs
                0x800162f0      0x200 /opt/devkitpro/devkitPPC/bin/../lib/gcc/powerpc-eabi/13.1.0/../../../../powerpc-eabi/lib/libc.a(libc_a-__call_atexit.o)
                0x800162f0                __call_exitprocs
 .text.__sread  0x800164f0       0x74 /opt/devkitpro/devkitPPC/bin/../lib/gcc/powerpc-eabi/13.1.0/../../../../powerpc-eabi/lib/libc.a(libc_a-stdio.o)
                0x800164f0                __sread
 .text.__swrite
                0x80016564       0xb8 /opt/devkitpro/devkitPPC/bin/../lib/gcc/powerpc-eabi/13.1.0/../../../../powerpc-eabi/lib/libc.a(libc_a-stdio.o)
                0x80016564                __swrite
 .text.__sseek  0x8001661c       0x70 /opt/devkitpro/devkitPPC/bin/../lib/gcc/powerpc-eabi/13.1.0/../../../../powerpc-eabi/lib/libc.a(libc_a-stdio.o)
                0x8001661c                __sseek
 .text.__sclose
                0x8001668c        0x8 /opt/devkitpro/devkitPPC/bin/../lib/gcc/powerpc-eabi/13.1.0/../../../../powerpc-eabi/lib/libc.a(libc_a-stdio.o)
                0x8001668c                __sclose
 .text.memchr   0x80016694      0x1b0 /opt/devkitpro/devkitPPC/bin/../lib/gcc/powerpc-eabi/13.1.0/../../../../powerpc-eabi/lib/libc.a(libc_a-memchr.o)
                0x80016694                memchr
 .text.__swsetup_r
                0x80016844      0x16c /opt/devkitpro/devkitPPC/bin/../lib/gcc/powerpc-eabi/13.1.0/../../../../powerpc-eabi/lib/libc.a(libc_a-wsetup.o)
                0x80016844                __swsetup_r
 .text._fclose_r
                0x800169b0      0x1e0 /opt/devkitpro/devkitPPC/bin/../lib/gcc/powerpc-eabi/13.1.0/../../../../powerpc-eabi/lib/libc.a(libc_a-fclose.o)
                0x800169b0                _fclose_r
 .text.__flockfile
                0x80016b90       0x38 /opt/devkitpro/devkitPPC/bin/../lib/gcc/powerpc-eabi/13.1.0/../../../../powerpc-eabi/lib/libsysbase.a(libsysbase_libsysbase_a-flock.o)
                0x80016b90                __flockfile
 .text.__funlockfile
                0x80016bc8        0x8 /opt/devkitpro/devkitPPC/bin/../lib/gcc/powerpc-eabi/13.1.0/../../../../powerpc-eabi/lib/libsysbase.a(libsysbase_libsysbase_a-flock.o)
                0x80016bc8                __funlockfile
 .text._fstat_r
                0x80016bd0       0xb0 /opt/devkitpro/devkitPPC/bin/../lib/gcc/powerpc-eabi/13.1.0/../../../../powerpc-eabi/lib/libsysbase.a(libsysbase_libsysbase_a-fstat.o)
                0x80016bd0                _fstat_r
 .text.__get_handle
                0x80016c80       0x90 /opt/devkitpro/devkitPPC/bin/../lib/gcc/powerpc-eabi/13.1.0/../../../../powerpc-eabi/lib/libsysbase.a(libsysbase_libsysbase_a-handle_manager.o)
                0x80016c80                __get_handle
 .text._close_r
                0x80016d10      0x178 /opt/devkitpro/devkitPPC/bin/../lib/gcc/powerpc-eabi/13.1.0/../../../../powerpc-eabi/lib/libsysbase.a(libsysbase_libsysbase_a-handle_manager.o)
                0x80016d10                _close_r
 .text._isatty_r
                0x80016e88        0x8 /opt/devkitpro/devkitPPC/bin/../lib/gcc/powerpc-eabi/13.1.0/../../../../powerpc-eabi/lib/libsysbase.a(libsysbase_libsysbase_a-isatty.o)
                0x80016e88                _isatty_r
 .text._lseek_r
                0x80016e90       0xe0 /opt/devkitpro/devkitPPC/bin/../lib/gcc/powerpc-eabi/13.1.0/../../../../powerpc-eabi/lib/libsysbase.a(libsysbase_libsysbase_a-lseek.o)
                0x80016e90                _lseek_r
 .text._read_r  0x80016f70       0xc4 /opt/devkitpro/devkitPPC/bin/../lib/gcc/powerpc-eabi/13.1.0/../../../../powerpc-eabi/lib/libsysbase.a(libsysbase_libsysbase_a-read.o)
                0x80016f70                _read_r
 .text.__libc_lock_init
                0x80017034       0x14 /opt/devkitpro/devkitPPC/bin/../lib/gcc/powerpc-eabi/13.1.0/../../../../powerpc-eabi/lib/libsysbase.a(libsysbase_libsysbase_a-syscall_support.o)
                0x80017034                __libc_lock_init
 .text.__libc_lock_acquire
                0x80017048       0x14 /opt/devkitpro/devkitPPC/bin/../lib/gcc/powerpc-eabi/13.1.0/../../../../powerpc-eabi/lib/libsysbase.a(libsysbase_libsysbase_a-syscall_support.o)
                0x80017048                __libc_lock_acquire
 .text.__libc_lock_release
                0x8001705c       0x14 /opt/devkitpro/devkitPPC/bin/../lib/gcc/powerpc-eabi/13.1.0/../../../../powerpc-eabi/lib/libsysbase.a(libsysbase_libsysbase_a-syscall_support.o)
                0x8001705c                __libc_lock_release
 .text.__libc_lock_close
                0x80017070       0x14 /opt/devkitpro/devkitPPC/bin/../lib/gcc/powerpc-eabi/13.1.0/../../../../powerpc-eabi/lib/libsysbase.a(libsysbase_libsysbase_a-syscall_support.o)
                0x80017070                __libc_lock_close
 .text.__libc_lock_init_recursive
                0x80017084       0x14 /opt/devkitpro/devkitPPC/bin/../lib/gcc/powerpc-eabi/13.1.0/../../../../powerpc-eabi/lib/libsysbase.a(libsysbase_libsysbase_a-syscall_support.o)
                0x80017084                __libc_lock_init_recursive
 .text.__malloc_lock
                0x80017098       0x14 /opt/devkitpro/devkitPPC/bin/../lib/gcc/powerpc-eabi/13.1.0/../../../../powerpc-eabi/lib/libsysbase.a(libsysbase_libsysbase_a-syscall_support.o)
                0x80017098                __malloc_lock
 .text.__malloc_unlock
                0x800170ac       0x14 /opt/devkitpro/devkitPPC/bin/../lib/gcc/powerpc-eabi/13.1.0/../../../../powerpc-eabi/lib/libsysbase.a(libsysbase_libsysbase_a-syscall_support.o)
                0x800170ac                __malloc_unlock
 .text._write_r
                0x800170c0       0xc4 /opt/devkitpro/devkitPPC/bin/../lib/gcc/powerpc-eabi/13.1.0/../../../../powerpc-eabi/lib/libsysbase.a(libsysbase_libsysbase_a-write.o)
                0x800170c0                _write_r
 .text.__do_global_ctors_aux
                0x80017184       0x50 /opt/devkitpro/devkitPPC/bin/../lib/gcc/powerpc-eabi/13.1.0/crtend.o
 *(.gnu.warning)
 *(.gnu.linkonce.t.*)
                0x800171e0                        . = ALIGN (0x20)
 *fill*         0x800171d4        0xc 00000000

.glink          0x800171e0        0x0
 .glink         0x800171e0        0x0 /opt/devkitpro/devkitPPC/bin/../lib/gcc/powerpc-eabi/13.1.0/crtbegin.o

.fini           0x800171e0       0x20
 *(.fini)
 .fini          0x800171e0        0xc /opt/devkitpro/devkitPPC/bin/../lib/gcc/powerpc-eabi/13.1.0/ecrti.o
                0x800171e0                __fini
 .fini          0x800171ec        0x4 /opt/devkitpro/devkitPPC/bin/../lib/gcc/powerpc-eabi/13.1.0/crtbegin.o
 .fini          0x800171f0       0x10 /opt/devkitpro/devkitPPC/bin/../lib/gcc/powerpc-eabi/13.1.0/ecrtn.o
                0x80017200                        . = ALIGN (0x20)
                [!provide]                        PROVIDE (__etext = .)
                [!provide]                        PROVIDE (_etext = .)
                [!provide]                        PROVIDE (etext = .)

.rodata         0x80017200      0xc0c
 *(.rodata)
 *(.rodata.*)
 .rodata.main.str1.4
                0x80017200       0x28 main.o
 .rodata.__console_write
                0x80017228       0xec /opt/devkitpro/libogc2/lib/cube/libogc.a(console.o)
 .rodata.color_table
                0x80017314       0x40 /opt/devkitpro/libogc2/lib/cube/libogc.a(console.o)
 .rodata.str1.4
                0x80017354        0x7 /opt/devkitpro/libogc2/lib/cube/libogc.a(console.o)
 *fill*         0x8001735b        0x1 
 .rodata.dotab_stdout
                0x8001735c       0x80 /opt/devkitpro/libogc2/lib/cube/libogc.a(console.o)
 .rodata.CSWTCH.187
                0x800173dc       0x14 /opt/devkitpro/libogc2/lib/cube/libogc.a(video.o)
 .rodata.CSWTCH.154
                0x800173f0       0x5c /opt/devkitpro/libogc2/lib/cube/libogc.a(video.o)
 .rodata.video_timing
                0x8001744c      0x156 /opt/devkitpro/libogc2/lib/cube/libogc.a(video.o)
 *fill*         0x800175a2        0x2 
 .rodata._dsp_initcode
                0x800175a4       0x80 /opt/devkitpro/libogc2/lib/cube/libogc.a(system.o)
 .rodata.c_default_exceptionhandler.str1.4
                0x80017624      0x263 /opt/devkitpro/libogc2/lib/cube/libogc.a(exception.o)
                                0x267 (size before relaxing)
 *fill*         0x80017887        0x1 
 .rodata.str1.4
                0x80017888       0xa0 /opt/devkitpro/libogc2/lib/cube/libogc.a(exception.o)
 .rodata.exception_name
                0x80017928       0x3c /opt/devkitpro/libogc2/lib/cube/libogc.a(exception.o)
 .rodata.exception_location
                0x80017964       0x3c /opt/devkitpro/libogc2/lib/cube/libogc.a(exception.o)
 .rodata.__SetInterrupts
                0x800179a0       0x6c /opt/devkitpro/libogc2/lib/cube/libogc.a(irq.o)
 .rodata._irqPrio
                0x80017a0c       0x2c /opt/devkitpro/libogc2/lib/cube/libogc.a(irq.o)
 .rodata.number.str1.4
                0x80017a38       0x4d /opt/devkitpro/libogc2/lib/cube/libogc.a(kprintf.o)
 *fill*         0x80017a85        0x3 
 .rodata.kvsprintf.str1.4
                0x80017a88        0x7 /opt/devkitpro/libogc2/lib/cube/libogc.a(kprintf.o)
 *fill*         0x80017a8f        0x1 
 .rodata.kvsprintf
                0x80017a90      0x2e4 /opt/devkitpro/libogc2/lib/cube/libogc.a(kprintf.o)
 .rodata.abort.str1.4
                0x80017d74        0xf /opt/devkitpro/devkitPPC/bin/../lib/gcc/powerpc-eabi/13.1.0/../../../../powerpc-eabi/lib/libsysbase.a(libsysbase_libsysbase_a-abort.o)
 *fill*         0x80017d83        0x1 
 .rodata.AddDevice.str1.4
                0x80017d84        0x8 /opt/devkitpro/devkitPPC/bin/../lib/gcc/powerpc-eabi/13.1.0/../../../../powerpc-eabi/lib/libsysbase.a(libsysbase_libsysbase_a-iosupport.o)
 .rodata.dotab_stdnull
                0x80017d8c       0x80 /opt/devkitpro/devkitPPC/bin/../lib/gcc/powerpc-eabi/13.1.0/../../../../powerpc-eabi/lib/libsysbase.a(libsysbase_libsysbase_a-iosupport.o)
                0x80017d8c                dotab_stdnull
 .rodata._puts_r.str1.4
                0x80017e0c        0x8 /opt/devkitpro/devkitPPC/bin/../lib/gcc/powerpc-eabi/13.1.0/../../../../powerpc-eabi/lib/libc.a(libc_a-puts.o)
                                  0x2 (size before relaxing)
 *(.gnu.linkonce.r.*)

.eh_frame_hdr   0x80017e0c      0x954
 .eh_frame_hdr  0x80017e0c      0x954 /opt/devkitpro/devkitPPC/bin/../lib/gcc/powerpc-eabi/13.1.0/../../../../powerpc-eabi/lib/crtmain.o
                0x80017e0c                __GNU_EH_FRAME_HDR

.rodata1
 *(.rodata1)

.sdata2         0x80018760        0x4
                0x80018760                        PROVIDE (_SDA2_BASE_ = .)
 *(.sdata2)
 .sdata2        0x80018760        0x0 /opt/devkitpro/devkitPPC/bin/../lib/gcc/powerpc-eabi/13.1.0/ecrti.o
                0x80018760                __SDATA2_START__
 .sdata2        0x80018760        0x0 /opt/devkitpro/devkitPPC/bin/../lib/gcc/powerpc-eabi/13.1.0/crtbegin.o
 *(.sdata2.*)
 .sdata2.__sys_inIPL
                0x80018760        0x4 /opt/devkitpro/libogc2/lib/cube/libogc.a(system.o)
 *(.gnu.linkonce.s2.*)

.sbss2          0x80018764        0x0
 *(.sbss2)
 .sbss2         0x80018764        0x0 /opt/devkitpro/devkitPPC/bin/../lib/gcc/powerpc-eabi/13.1.0/ecrtn.o
 *(.sbss2.*)
 *(.gnu.linkonce.sb2.*)
                0x80018764                        . = ALIGN (0x4)
                [!provide]                        PROVIDE (__preinit_array_start = .)

.preinit_array
 *(.preinit_array)
                [!provide]                        PROVIDE (__preinit_array_end = .)
                [!provide]                        PROVIDE (__init_array_start = .)

.init_array
 *(.init_array)
                [!provide]                        PROVIDE (__init_array_end = .)
                [!provide]                        PROVIDE (__fini_array_start = .)

.fini_array
 *(.fini_array)
                [!provide]                        PROVIDE (__fini_array_end = .)

.data           0x80018768     0x2858
 *(.data)
 .data          0x80018768       0x10 /opt/devkitpro/libogc2/lib/cube/libogc.a(system_asm.o)
 .data          0x80018778        0x4 /opt/devkitpro/devkitPPC/bin/../lib/gcc/powerpc-eabi/13.1.0/libgcc.a(eabi.o)
 *(.data.*)
 .data.TVEurgb60Hz480Prog
                0x8001877c       0x3c /opt/devkitpro/libogc2/lib/cube/libogc.a(video.o)
                0x8001877c                TVEurgb60Hz480Prog
 .data.TVEurgb60Hz480IntDf
                0x800187b8       0x3c /opt/devkitpro/libogc2/lib/cube/libogc.a(video.o)
                0x800187b8                TVEurgb60Hz480IntDf
 .data.TVPal576ProgScale
                0x800187f4       0x3c /opt/devkitpro/libogc2/lib/cube/libogc.a(video.o)
                0x800187f4                TVPal576ProgScale
 .data.TVPal576IntDfScale
                0x80018830       0x3c /opt/devkitpro/libogc2/lib/cube/libogc.a(video.o)
                0x80018830                TVPal576IntDfScale
 .data.TVMpal480IntDf
                0x8001886c       0x3c /opt/devkitpro/libogc2/lib/cube/libogc.a(video.o)
                0x8001886c                TVMpal480IntDf
 .data.TVNtsc480Prog
                0x800188a8       0x3c /opt/devkitpro/libogc2/lib/cube/libogc.a(video.o)
                0x800188a8                TVNtsc480Prog
 .data.TVNtsc480IntDf
                0x800188e4       0x3c /opt/devkitpro/libogc2/lib/cube/libogc.a(video.o)
                0x800188e4                TVNtsc480IntDf
 .data.pad_resetinfo
                0x80018920       0x10 /opt/devkitpro/libogc2/lib/cube/libogc.a(pad.o)
 .data.mem_resetinfo
                0x80018930       0x10 /opt/devkitpro/libogc2/lib/cube/libogc.a(system.o)
 .data.si_type  0x80018940       0x10 /opt/devkitpro/libogc2/lib/cube/libogc.a(si.o)
 .data.xy       0x80018950       0x60 /opt/devkitpro/libogc2/lib/cube/libogc.a(si.o)
 .data.sicntrl  0x800189b0       0x14 /opt/devkitpro/libogc2/lib/cube/libogc.a(si.o)
 .data.console_font_8x16
                0x800189c4     0x1000 /opt/devkitpro/libogc2/lib/cube/libogc.a(console_font_8x16.o)
                0x800189c4                console_font_8x16
 .data.devoptab_list
                0x800199c4       0x8c /opt/devkitpro/devkitPPC/bin/../lib/gcc/powerpc-eabi/13.1.0/../../../../powerpc-eabi/lib/libsysbase.a(libsysbase_libsysbase_a-iosupport.o)
                0x800199c4                devoptab_list
 .data.__malloc_av_
                0x80019a50      0x408 /opt/devkitpro/devkitPPC/bin/../lib/gcc/powerpc-eabi/13.1.0/../../../../powerpc-eabi/lib/libc.a(libc_a-mallocr.o)
                0x80019a50                __malloc_av_
 .data.__sglue  0x80019e58        0xc /opt/devkitpro/devkitPPC/bin/../lib/gcc/powerpc-eabi/13.1.0/../../../../powerpc-eabi/lib/libc.a(libc_a-findfp.o)
                0x80019e58                __sglue
 *fill*         0x80019e64        0x4 
 .data._impure_data
                0x80019e68      0x120 /opt/devkitpro/devkitPPC/bin/../lib/gcc/powerpc-eabi/13.1.0/../../../../powerpc-eabi/lib/libc.a(libc_a-impure.o)
                0x80019e68                _impure_data
 .data.handles  0x80019f88     0x1000 /opt/devkitpro/devkitPPC/bin/../lib/gcc/powerpc-eabi/13.1.0/../../../../powerpc-eabi/lib/libsysbase.a(libsysbase_libsysbase_a-handle_manager.o)
 .data.__stderr_handle
                0x8001af88        0xc /opt/devkitpro/devkitPPC/bin/../lib/gcc/powerpc-eabi/13.1.0/../../../../powerpc-eabi/lib/libsysbase.a(libsysbase_libsysbase_a-handle_manager.o)
 .data.__stdout_handle
                0x8001af94        0xc /opt/devkitpro/devkitPPC/bin/../lib/gcc/powerpc-eabi/13.1.0/../../../../powerpc-eabi/lib/libsysbase.a(libsysbase_libsysbase_a-handle_manager.o)
 .data.__stdin_handle
                0x8001afa0        0xc /opt/devkitpro/devkitPPC/bin/../lib/gcc/powerpc-eabi/13.1.0/../../../../powerpc-eabi/lib/libsysbase.a(libsysbase_libsysbase_a-handle_manager.o)
 *(.gnu.linkonce.d.*)
                0x8001afc0                        . = ALIGN (0x20)
 *fill*         0x8001afac       0x14 

.branch_lt      0x8001afc0        0x0
 .branch_lt     0x8001afc0        0x0 /opt/devkitpro/devkitPPC/bin/../lib/gcc/powerpc-eabi/13.1.0/crtbegin.o

.data1
 *(.data1)

.tdata
 *(.tdata .tdata.* .gnu.linkonce.td.*)

.tbss
 *(.tbss .tbss.* .gnu.linkonce.tb.*)
 *(.tcommon)

.eh_frame       0x8001afc0     0x3540
 *(.eh_frame)
 .eh_frame      0x8001afc0        0x0 /opt/devkitpro/devkitPPC/bin/../lib/gcc/powerpc-eabi/13.1.0/ecrti.o
                0x8001afc0                __EH_FRAME_BEGIN__
 .eh_frame      0x8001afc0        0x0 /opt/devkitpro/devkitPPC/bin/../lib/gcc/powerpc-eabi/13.1.0/crtbegin.o
 .eh_frame      0x8001afc0        0x0 /opt/devkitpro/devkitPPC/bin/../lib/gcc/powerpc-eabi/13.1.0/crtbegin.o
 .eh_frame      0x8001afc0       0x34 /opt/devkitpro/devkitPPC/bin/../lib/gcc/powerpc-eabi/13.1.0/../../../../powerpc-eabi/lib/crtmain.o
 .eh_frame      0x8001aff4       0x48 main.o
                                 0x5c (size before relaxing)
 .eh_frame      0x8001b03c        0x0 sockettest.o
                                 0xc4 (size before relaxing)
 .eh_frame      0x8001b03c        0x0 /opt/devkitpro/libogc2/lib/cube/libbba.a(network.o)
                                0xf24 (size before relaxing)
 .eh_frame      0x8001b03c        0x0 /opt/devkitpro/libogc2/lib/cube/libbba.a(gcif.o)
                                0x284 (size before relaxing)
 .eh_frame      0x8001b03c        0x0 /opt/devkitpro/libogc2/lib/cube/libbba.a(mem.o)
                                0x110 (size before relaxing)
 .eh_frame      0x8001b03c        0x0 /opt/devkitpro/libogc2/lib/cube/libbba.a(dhcp.o)
                                0x3b4 (size before relaxing)
 .eh_frame      0x8001b03c        0x0 /opt/devkitpro/libogc2/lib/cube/libbba.a(raw.o)
                                0x128 (size before relaxing)
 .eh_frame      0x8001b03c        0x0 /opt/devkitpro/libogc2/lib/cube/libbba.a(memp.o)
                                 0x58 (size before relaxing)
 .eh_frame      0x8001b03c        0x0 /opt/devkitpro/libogc2/lib/cube/libbba.a(netif.o)
                                0x170 (size before relaxing)
 .eh_frame      0x8001b03c        0x0 /opt/devkitpro/libogc2/lib/cube/libbba.a(pbuf.o)
                                0x1f8 (size before relaxing)
 .eh_frame      0x8001b03c        0x0 /opt/devkitpro/libogc2/lib/cube/libbba.a(tcp.o)
                                0x4d4 (size before relaxing)
 .eh_frame      0x8001b03c        0x0 /opt/devkitpro/libogc2/lib/cube/libbba.a(tcp_out.o)
                                0x270 (size before relaxing)
 .eh_frame      0x8001b03c        0x0 /opt/devkitpro/libogc2/lib/cube/libbba.a(udp.o)
                                0x238 (size before relaxing)
 .eh_frame      0x8001b03c        0x0 /opt/devkitpro/libogc2/lib/cube/libbba.a(icmp.o)
                                 0x80 (size before relaxing)
 .eh_frame      0x8001b03c        0x0 /opt/devkitpro/libogc2/lib/cube/libbba.a(ip.o)
                                0x158 (size before relaxing)
 .eh_frame      0x8001b03c        0x0 /opt/devkitpro/libogc2/lib/cube/libbba.a(ip_frag.o)
                                0x1c0 (size before relaxing)
 .eh_frame      0x8001b03c        0x0 /opt/devkitpro/libogc2/lib/cube/libbba.a(ip_addr.o)
                                 0x28 (size before relaxing)
 .eh_frame      0x8001b03c        0x0 /opt/devkitpro/libogc2/lib/cube/libbba.a(etharp.o)
                                0x2a4 (size before relaxing)
 .eh_frame      0x8001b03c        0x0 /opt/devkitpro/libogc2/lib/cube/libbba.a(loopif.o)
                                 0x7c (size before relaxing)
 .eh_frame      0x8001b03c        0x0 /opt/devkitpro/libogc2/lib/cube/libbba.a(inet.o)
                                 0xec (size before relaxing)
 .eh_frame      0x8001b03c        0x0 /opt/devkitpro/libogc2/lib/cube/libbba.a(tcp_in.o)
                                0x1a0 (size before relaxing)
 .eh_frame      0x8001b03c      0x16c /opt/devkitpro/libogc2/lib/cube/libogc.a(console.o)
                                0x228 (size before relaxing)
 .eh_frame      0x8001b1a8      0x28c /opt/devkitpro/libogc2/lib/cube/libogc.a(lwp_threads.o)
                                0x374 (size before relaxing)
 .eh_frame      0x8001b434       0xfc /opt/devkitpro/libogc2/lib/cube/libogc.a(lwp.o)
                                0x418 (size before relaxing)
 .eh_frame      0x8001b530       0x3c /opt/devkitpro/libogc2/lib/cube/libogc.a(lwp_stack.o)
                                 0x50 (size before relaxing)
 .eh_frame      0x8001b56c      0x124 /opt/devkitpro/libogc2/lib/cube/libogc.a(lwp_watchdog.o)
                                0x1a8 (size before relaxing)
 .eh_frame      0x8001b690       0x2c /opt/devkitpro/libogc2/lib/cube/libogc.a(lwp_wkspace.o)
                                 0xa4 (size before relaxing)
 .eh_frame      0x8001b6bc       0xb8 /opt/devkitpro/libogc2/lib/cube/libogc.a(lwp_objmgr.o)
                                 0xe0 (size before relaxing)
 .eh_frame      0x8001b774       0x3c /opt/devkitpro/libogc2/lib/cube/libogc.a(lwp_heap.o)
                                 0x64 (size before relaxing)
 .eh_frame      0x8001b7b0       0x14 /opt/devkitpro/libogc2/lib/cube/libogc.a(semaphore.o)
                                0x158 (size before relaxing)
 .eh_frame      0x8001b7c4      0x1e0 /opt/devkitpro/libogc2/lib/cube/libogc.a(video.o)
                                0x364 (size before relaxing)
 .eh_frame      0x8001b9a4      0x328 /opt/devkitpro/libogc2/lib/cube/libogc.a(pad.o)
                                0x5fc (size before relaxing)
 .eh_frame      0x8001bccc      0x4f4 /opt/devkitpro/libogc2/lib/cube/libogc.a(exi.o)
                                0x824 (size before relaxing)
 .eh_frame      0x8001c1c0      0x134 /opt/devkitpro/libogc2/lib/cube/libogc.a(mutex.o)
                                0x198 (size before relaxing)
 .eh_frame      0x8001c2f4      0x560 /opt/devkitpro/libogc2/lib/cube/libogc.a(system.o)
                                0xb44 (size before relaxing)
 .eh_frame      0x8001c854       0x14 /opt/devkitpro/libogc2/lib/cube/libogc.a(cond.o)
                                0x1ec (size before relaxing)
 .eh_frame      0x8001c868       0x28 /opt/devkitpro/libogc2/lib/cube/libogc.a(decrementer.o)
                                 0x3c (size before relaxing)
 .eh_frame      0x8001c890       0x14 /opt/devkitpro/libogc2/lib/cube/libogc.a(message.o)
                                0x178 (size before relaxing)
 .eh_frame      0x8001c8a4      0x448 /opt/devkitpro/libogc2/lib/cube/libogc.a(si.o)
                                0x530 (size before relaxing)
 .eh_frame      0x8001ccec       0x90 /opt/devkitpro/libogc2/lib/cube/libogc.a(timesupp.o)
                                0x220 (size before relaxing)
 .eh_frame      0x8001cd7c       0xd0 /opt/devkitpro/libogc2/lib/cube/libogc.a(lock_supp.o)
                                 0xf8 (size before relaxing)
 .eh_frame      0x8001ce4c       0xb8 /opt/devkitpro/libogc2/lib/cube/libogc.a(newlibc.o)
                                 0xcc (size before relaxing)
 .eh_frame      0x8001cf04      0x150 /opt/devkitpro/libogc2/lib/cube/libogc.a(usbgecko.o)
                                0x3fc (size before relaxing)
 .eh_frame      0x8001d054       0x3c /opt/devkitpro/libogc2/lib/cube/libogc.a(sbrk.o)
                                 0x50 (size before relaxing)
 .eh_frame      0x8001d090       0x74 /opt/devkitpro/libogc2/lib/cube/libogc.a(malloc_lock.o)
                                 0x88 (size before relaxing)
 .eh_frame      0x8001d104        0x0 /opt/devkitpro/libogc2/lib/cube/libogc.a(network_common.o)
                                 0x88 (size before relaxing)
 .eh_frame      0x8001d104       0x20 /opt/devkitpro/libogc2/lib/cube/libogc.a(argv.o)
                                 0x34 (size before relaxing)
 .eh_frame      0x8001d124       0x14 /opt/devkitpro/libogc2/lib/cube/libogc.a(lwp_priority.o)
                                 0x28 (size before relaxing)
 .eh_frame      0x8001d138       0x3c /opt/devkitpro/libogc2/lib/cube/libogc.a(lwp_queue.o)
                                 0x78 (size before relaxing)
 .eh_frame      0x8001d174      0x268 /opt/devkitpro/libogc2/lib/cube/libogc.a(lwp_threadq.o)
                                0x2cc (size before relaxing)
 .eh_frame      0x8001d3dc        0x0 /opt/devkitpro/libogc2/lib/cube/libogc.a(lwp_sema.o)
                                 0x8c (size before relaxing)
 .eh_frame      0x8001d3dc        0x0 /opt/devkitpro/libogc2/lib/cube/libogc.a(lwp_messages.o)
                                0x264 (size before relaxing)
 .eh_frame      0x8001d3dc       0x9c /opt/devkitpro/libogc2/lib/cube/libogc.a(lwp_mutex.o)
                                 0xb0 (size before relaxing)
 .eh_frame      0x8001d478       0xe8 /opt/devkitpro/libogc2/lib/cube/libogc.a(exception.o)
                                0x15c (size before relaxing)
 .eh_frame      0x8001d560       0xc0 /opt/devkitpro/libogc2/lib/cube/libogc.a(irq.o)
                                0x110 (size before relaxing)
 .eh_frame      0x8001d620       0x30 /opt/devkitpro/libogc2/lib/cube/libogc.a(gx.o)
                               0x174c (size before relaxing)
 .eh_frame      0x8001d650      0x104 /opt/devkitpro/libogc2/lib/cube/libogc.a(kprintf.o)
                                0x118 (size before relaxing)
 .eh_frame      0x8001d754        0x0 /opt/devkitpro/devkitPPC/bin/../lib/gcc/powerpc-eabi/13.1.0/../../../../powerpc-eabi/lib/libm.a(libm_a-sf_cos.o)
                                 0x54 (size before relaxing)
 .eh_frame      0x8001d754        0x0 /opt/devkitpro/devkitPPC/bin/../lib/gcc/powerpc-eabi/13.1.0/../../../../powerpc-eabi/lib/libm.a(libm_a-wf_sqrt.o)
                                 0x54 (size before relaxing)
 .eh_frame      0x8001d754        0x0 /opt/devkitpro/devkitPPC/bin/../lib/gcc/powerpc-eabi/13.1.0/../../../../powerpc-eabi/lib/libm.a(libm_a-kf_sin.o)
                                 0x34 (size before relaxing)
 .eh_frame      0x8001d754        0x0 /opt/devkitpro/devkitPPC/bin/../lib/gcc/powerpc-eabi/13.1.0/../../../../powerpc-eabi/lib/libm.a(libm_a-kf_cos.o)
                                 0x38 (size before relaxing)
 .eh_frame      0x8001d754        0x0 /opt/devkitpro/devkitPPC/bin/../lib/gcc/powerpc-eabi/13.1.0/../../../../powerpc-eabi/lib/libm.a(libm_a-ef_sqrt.o)
                                 0x3c (size before relaxing)
 .eh_frame      0x8001d754        0x0 /opt/devkitpro/devkitPPC/bin/../lib/gcc/powerpc-eabi/13.1.0/../../../../powerpc-eabi/lib/libm.a(libm_a-ef_rem_pio2.o)
                                 0x80 (size before relaxing)
 .eh_frame      0x8001d754        0x0 /opt/devkitpro/devkitPPC/bin/../lib/gcc/powerpc-eabi/13.1.0/../../../../powerpc-eabi/lib/libm.a(libm_a-sf_fabs.o)
                                 0x2c (size before relaxing)
 .eh_frame      0x8001d754        0x0 /opt/devkitpro/devkitPPC/bin/../lib/gcc/powerpc-eabi/13.1.0/../../../../powerpc-eabi/lib/libm.a(libm_a-kf_rem_pio2.o)
                                 0x80 (size before relaxing)
 .eh_frame      0x8001d754        0x0 /opt/devkitpro/devkitPPC/bin/../lib/gcc/powerpc-eabi/13.1.0/../../../../powerpc-eabi/lib/libm.a(libm_a-sf_floor.o)
                                 0x34 (size before relaxing)
 .eh_frame      0x8001d754        0x0 /opt/devkitpro/devkitPPC/bin/../lib/gcc/powerpc-eabi/13.1.0/../../../../powerpc-eabi/lib/libm.a(libm_a-sf_scalbn.o)
                                 0x34 (size before relaxing)
 .eh_frame      0x8001d754        0x0 /opt/devkitpro/devkitPPC/bin/../lib/gcc/powerpc-eabi/13.1.0/libgcc.a(_divdi3.o)
                                 0x3c (size before relaxing)
 .eh_frame      0x8001d754       0x34 /opt/devkitpro/devkitPPC/bin/../lib/gcc/powerpc-eabi/13.1.0/libgcc.a(_udivdi3.o)
                                 0x48 (size before relaxing)
 .eh_frame      0x8001d788        0x0 /opt/devkitpro/devkitPPC/bin/../lib/gcc/powerpc-eabi/13.1.0/libgcc.a(_umoddi3.o)
                                 0x50 (size before relaxing)
 .eh_frame      0x8001d788       0x18 /opt/devkitpro/devkitPPC/bin/../lib/gcc/powerpc-eabi/13.1.0/../../../../powerpc-eabi/lib/libsysbase.a(libsysbase_libsysbase_a-abort.o)
                                 0x2c (size before relaxing)
 .eh_frame      0x8001d7a0       0x14 /opt/devkitpro/devkitPPC/bin/../lib/gcc/powerpc-eabi/13.1.0/../../../../powerpc-eabi/lib/libsysbase.a(libsysbase_libsysbase_a-build_argv.o)
                                 0x28 (size before relaxing)
 .eh_frame      0x8001d7b4       0x14 /opt/devkitpro/devkitPPC/bin/../lib/gcc/powerpc-eabi/13.1.0/../../../../powerpc-eabi/lib/libsysbase.a(libsysbase_libsysbase_a-getreent.o)
                                 0x28 (size before relaxing)
 .eh_frame      0x8001d7c8       0x14 /opt/devkitpro/devkitPPC/bin/../lib/gcc/powerpc-eabi/13.1.0/../../../../powerpc-eabi/lib/libsysbase.a(libsysbase_libsysbase_a-iosupport.o)
                                0x138 (size before relaxing)
 .eh_frame      0x8001d7dc        0x0 /opt/devkitpro/devkitPPC/bin/../lib/gcc/powerpc-eabi/13.1.0/../../../../powerpc-eabi/lib/libsysbase.a(libsysbase_libsysbase_a-sleep.o)
                                 0x3c (size before relaxing)
 .eh_frame      0x8001d7dc        0x0 /opt/devkitpro/devkitPPC/bin/../lib/gcc/powerpc-eabi/13.1.0/../../../../powerpc-eabi/lib/libsysbase.a(libsysbase_libsysbase_a-usleep.o)
                                 0x40 (size before relaxing)
 .eh_frame      0x8001d7dc       0x20 /opt/devkitpro/devkitPPC/bin/../lib/gcc/powerpc-eabi/13.1.0/../../../../powerpc-eabi/lib/libsysbase.a(libsysbase_libsysbase_a-_exit.o)
                                 0x34 (size before relaxing)
 .eh_frame      0x8001d7fc        0x0 /opt/devkitpro/devkitPPC/bin/../lib/gcc/powerpc-eabi/13.1.0/../../../../powerpc-eabi/lib/libsysbase.a(libsysbase_libsysbase_a-nanosleep.o)
                                 0x38 (size before relaxing)
 .eh_frame      0x8001d7fc       0x30 /opt/devkitpro/devkitPPC/bin/../lib/gcc/powerpc-eabi/13.1.0/../../../../powerpc-eabi/lib/libc.a(libc_a-syswrite.o)
                                 0x44 (size before relaxing)
 .eh_frame      0x8001d82c        0x0 /opt/devkitpro/devkitPPC/bin/../lib/gcc/powerpc-eabi/13.1.0/../../../../powerpc-eabi/lib/libc.a(libc_a-printf.o)
                                 0x5c (size before relaxing)
 .eh_frame      0x8001d82c       0x2c /opt/devkitpro/devkitPPC/bin/../lib/gcc/powerpc-eabi/13.1.0/../../../../powerpc-eabi/lib/libc.a(libc_a-malign.o)
                                 0x40 (size before relaxing)
 .eh_frame      0x8001d858       0x58 /opt/devkitpro/devkitPPC/bin/../lib/gcc/powerpc-eabi/13.1.0/../../../../powerpc-eabi/lib/libc.a(libc_a-malignr.o)
                                 0x6c (size before relaxing)
 .eh_frame      0x8001d8b0        0x0 /opt/devkitpro/devkitPPC/bin/../lib/gcc/powerpc-eabi/13.1.0/../../../../powerpc-eabi/lib/libc.a(libc_a-sprintf.o)
                                 0x64 (size before relaxing)
 .eh_frame      0x8001d8b0       0x60 /opt/devkitpro/devkitPPC/bin/../lib/gcc/powerpc-eabi/13.1.0/../../../../powerpc-eabi/lib/libc.a(libc_a-puts.o)
                                 0x74 (size before relaxing)
 .eh_frame      0x8001d910       0x2c /opt/devkitpro/devkitPPC/bin/../lib/gcc/powerpc-eabi/13.1.0/../../../../powerpc-eabi/lib/libc.a(libc_a-calloc.o)
                                 0x40 (size before relaxing)
 .eh_frame      0x8001d93c        0x0 /opt/devkitpro/devkitPPC/bin/../lib/gcc/powerpc-eabi/13.1.0/../../../../powerpc-eabi/lib/libc.a(libc_a-ctype_.o)
                                 0x28 (size before relaxing)
 .eh_frame      0x8001d93c       0x4c /opt/devkitpro/devkitPPC/bin/../lib/gcc/powerpc-eabi/13.1.0/../../../../powerpc-eabi/lib/libc.a(libc_a-setvbuf.o)
                                 0x60 (size before relaxing)
 .eh_frame      0x8001d988       0x40 /opt/devkitpro/devkitPPC/bin/../lib/gcc/powerpc-eabi/13.1.0/../../../../powerpc-eabi/lib/libc.a(libc_a-callocr.o)
                                 0x54 (size before relaxing)
 .eh_frame      0x8001d9c8       0x20 /opt/devkitpro/devkitPPC/bin/../lib/gcc/powerpc-eabi/13.1.0/../../../../powerpc-eabi/lib/libc.a(libc_a-exit.o)
                                 0x34 (size before relaxing)
 .eh_frame      0x8001d9e8        0x0 /opt/devkitpro/devkitPPC/bin/../lib/gcc/powerpc-eabi/13.1.0/../../../../powerpc-eabi/lib/libc.a(libc_a-svfprintf.o)
                                 0x74 (size before relaxing)
 .eh_frame      0x8001d9e8       0x8c /opt/devkitpro/devkitPPC/bin/../lib/gcc/powerpc-eabi/13.1.0/../../../../powerpc-eabi/lib/libc.a(libc_a-freer.o)
                                 0xa0 (size before relaxing)
 .eh_frame      0x8001da74        0x0 /opt/devkitpro/devkitPPC/bin/../lib/gcc/powerpc-eabi/13.1.0/../../../../powerpc-eabi/lib/libc.a(libc_a-strchr.o)
                                 0x28 (size before relaxing)
 .eh_frame      0x8001da74        0x0 /opt/devkitpro/devkitPPC/bin/../lib/gcc/powerpc-eabi/13.1.0/../../../../powerpc-eabi/lib/libc.a(libc_a-dtoa.o)
                                0x18c (size before relaxing)
 .eh_frame      0x8001da74        0x0 /opt/devkitpro/devkitPPC/bin/../lib/gcc/powerpc-eabi/13.1.0/../../../../powerpc-eabi/lib/libc.a(libc_a-strcmp.o)
                                 0x28 (size before relaxing)
 .eh_frame      0x8001da74       0x14 /opt/devkitpro/devkitPPC/bin/../lib/gcc/powerpc-eabi/13.1.0/../../../../powerpc-eabi/lib/libc.a(libc_a-memcpy.o)
                                 0x28 (size before relaxing)
 .eh_frame      0x8001da88       0x50 /opt/devkitpro/devkitPPC/bin/../lib/gcc/powerpc-eabi/13.1.0/../../../../powerpc-eabi/lib/libc.a(libc_a-malloc.o)
                                 0x64 (size before relaxing)
 .eh_frame      0x8001dad8       0x14 /opt/devkitpro/devkitPPC/bin/../lib/gcc/powerpc-eabi/13.1.0/../../../../powerpc-eabi/lib/libc.a(libc_a-memmove.o)
                                 0x28 (size before relaxing)
 .eh_frame      0x8001daec       0xe4 /opt/devkitpro/devkitPPC/bin/../lib/gcc/powerpc-eabi/13.1.0/../../../../powerpc-eabi/lib/libc.a(libc_a-mallocr.o)
                                 0xf8 (size before relaxing)
 .eh_frame      0x8001dbd0        0x0 /opt/devkitpro/devkitPPC/bin/../lib/gcc/powerpc-eabi/13.1.0/../../../../powerpc-eabi/lib/libc.a(libc_a-strcpy.o)
                                 0x28 (size before relaxing)
 .eh_frame      0x8001dbd0       0x14 /opt/devkitpro/devkitPPC/bin/../lib/gcc/powerpc-eabi/13.1.0/../../../../powerpc-eabi/lib/libc.a(libc_a-memset.o)
                                 0x28 (size before relaxing)
 .eh_frame      0x8001dbe4        0x0 /opt/devkitpro/devkitPPC/bin/../lib/gcc/powerpc-eabi/13.1.0/../../../../powerpc-eabi/lib/libc.a(libc_a-vfprintf.o)
                                 0xd4 (size before relaxing)
 .eh_frame      0x8001dbe4       0x14 /opt/devkitpro/devkitPPC/bin/../lib/gcc/powerpc-eabi/13.1.0/../../../../powerpc-eabi/lib/libc.a(libc_a-strlen.o)
                                 0x28 (size before relaxing)
 .eh_frame      0x8001dbf8       0xe0 /opt/devkitpro/devkitPPC/bin/../lib/gcc/powerpc-eabi/13.1.0/../../../../powerpc-eabi/lib/libc.a(libc_a-fflush.o)
                                0x124 (size before relaxing)
 .eh_frame      0x8001dcd8        0x0 /opt/devkitpro/devkitPPC/bin/../lib/gcc/powerpc-eabi/13.1.0/../../../../powerpc-eabi/lib/libc.a(libc_a-vfiprintf.o)
                                0x10c (size before relaxing)
 .eh_frame      0x8001dcd8        0x0 /opt/devkitpro/devkitPPC/bin/../lib/gcc/powerpc-eabi/13.1.0/../../../../powerpc-eabi/lib/libc.a(libc_a-mprec.o)
                                0x40c (size before relaxing)
 .eh_frame      0x8001dcd8       0xf4 /opt/devkitpro/devkitPPC/bin/../lib/gcc/powerpc-eabi/13.1.0/../../../../powerpc-eabi/lib/libc.a(libc_a-fvwrite.o)
                                0x108 (size before relaxing)
 .eh_frame      0x8001ddcc        0x0 /opt/devkitpro/devkitPPC/bin/../lib/gcc/powerpc-eabi/13.1.0/../../../../powerpc-eabi/lib/libc.a(libc_a-strncmp.o)
                                 0x28 (size before relaxing)
 .eh_frame      0x8001ddcc       0x34 /opt/devkitpro/devkitPPC/bin/../lib/gcc/powerpc-eabi/13.1.0/../../../../powerpc-eabi/lib/libc.a(libc_a-fwalk.o)
                                 0x48 (size before relaxing)
 .eh_frame      0x8001de00        0x0 /opt/devkitpro/devkitPPC/bin/../lib/gcc/powerpc-eabi/13.1.0/../../../../powerpc-eabi/lib/libc.a(libc_a-strncpy.o)
                                 0x28 (size before relaxing)
 .eh_frame      0x8001de00       0xe4 /opt/devkitpro/devkitPPC/bin/../lib/gcc/powerpc-eabi/13.1.0/../../../../powerpc-eabi/lib/libc.a(libc_a-findfp.o)
                                0x1b8 (size before relaxing)
 .eh_frame      0x8001dee4       0xf4 /opt/devkitpro/devkitPPC/bin/../lib/gcc/powerpc-eabi/13.1.0/../../../../powerpc-eabi/lib/libc.a(libc_a-reallocr.o)
                                0x108 (size before relaxing)
 .eh_frame      0x8001dfd8       0x14 /opt/devkitpro/devkitPPC/bin/../lib/gcc/powerpc-eabi/13.1.0/../../../../powerpc-eabi/lib/libc.a(libc_a-strnlen.o)
                                 0x28 (size before relaxing)
 .eh_frame      0x8001dfec        0x0 /opt/devkitpro/devkitPPC/bin/../lib/gcc/powerpc-eabi/13.1.0/../../../../powerpc-eabi/lib/libc.a(libc_a-fputwc.o)
                                 0xf8 (size before relaxing)
 .eh_frame      0x8001dfec        0x0 /opt/devkitpro/devkitPPC/bin/../lib/gcc/powerpc-eabi/13.1.0/../../../../powerpc-eabi/lib/libc.a(libc_a-locale.o)
                                0x274 (size before relaxing)
 .eh_frame      0x8001dfec        0x0 /opt/devkitpro/devkitPPC/bin/../lib/gcc/powerpc-eabi/13.1.0/../../../../powerpc-eabi/lib/libc.a(libc_a-localeconv.o)
                                 0x78 (size before relaxing)
 .eh_frame      0x8001dfec        0x0 /opt/devkitpro/devkitPPC/bin/../lib/gcc/powerpc-eabi/13.1.0/../../../../powerpc-eabi/lib/libc.a(libc_a-wctomb_r.o)
                                 0xb8 (size before relaxing)
 .eh_frame      0x8001dfec       0x3c /opt/devkitpro/devkitPPC/bin/../lib/gcc/powerpc-eabi/13.1.0/../../../../powerpc-eabi/lib/libc.a(libc_a-reent.o)
                                 0x50 (size before relaxing)
 .eh_frame      0x8001e028       0x20 /opt/devkitpro/devkitPPC/bin/../lib/gcc/powerpc-eabi/13.1.0/../../../../powerpc-eabi/lib/libc.a(libc_a-errno.o)
                                 0x34 (size before relaxing)
 .eh_frame      0x8001e048        0x0 /opt/devkitpro/devkitPPC/bin/../lib/gcc/powerpc-eabi/13.1.0/../../../../powerpc-eabi/lib/libc.a(libm_a-s_frexp.o)
                                 0x30 (size before relaxing)
 .eh_frame      0x8001e048       0x8c /opt/devkitpro/devkitPPC/bin/../lib/gcc/powerpc-eabi/13.1.0/../../../../powerpc-eabi/lib/libc.a(libc_a-makebuf.o)
                                 0xa0 (size before relaxing)
 .eh_frame      0x8001e0d4        0x0 /opt/devkitpro/devkitPPC/bin/../lib/gcc/powerpc-eabi/13.1.0/../../../../powerpc-eabi/lib/libc.a(libc_a-wcsrtombs.o)
                                 0x5c (size before relaxing)
 .eh_frame      0x8001e0d4       0x74 /opt/devkitpro/devkitPPC/bin/../lib/gcc/powerpc-eabi/13.1.0/../../../../powerpc-eabi/lib/libc.a(libc_a-__call_atexit.o)
                                 0x88 (size before relaxing)
 .eh_frame      0x8001e148        0x0 /opt/devkitpro/devkitPPC/bin/../lib/gcc/powerpc-eabi/13.1.0/../../../../powerpc-eabi/lib/libc.a(libc_a-wcrtomb.o)
                                 0x98 (size before relaxing)
 .eh_frame      0x8001e148       0xb0 /opt/devkitpro/devkitPPC/bin/../lib/gcc/powerpc-eabi/13.1.0/../../../../powerpc-eabi/lib/libc.a(libc_a-stdio.o)
                                 0xd8 (size before relaxing)
 .eh_frame      0x8001e1f8        0x0 /opt/devkitpro/devkitPPC/bin/../lib/gcc/powerpc-eabi/13.1.0/../../../../powerpc-eabi/lib/libc.a(libc_a-svfiprintf.o)
                                 0xb4 (size before relaxing)
 .eh_frame      0x8001e1f8        0x0 /opt/devkitpro/devkitPPC/bin/../lib/gcc/powerpc-eabi/13.1.0/../../../../powerpc-eabi/lib/libc.a(libc_a-assert.o)
                                 0x54 (size before relaxing)
 .eh_frame      0x8001e1f8       0x14 /opt/devkitpro/devkitPPC/bin/../lib/gcc/powerpc-eabi/13.1.0/../../../../powerpc-eabi/lib/libc.a(libc_a-memchr.o)
                                 0x28 (size before relaxing)
 .eh_frame      0x8001e20c       0x2c /opt/devkitpro/devkitPPC/bin/../lib/gcc/powerpc-eabi/13.1.0/../../../../powerpc-eabi/lib/libc.a(libc_a-wsetup.o)
                                 0x40 (size before relaxing)
 .eh_frame      0x8001e238        0x0 /opt/devkitpro/devkitPPC/bin/../lib/gcc/powerpc-eabi/13.1.0/../../../../powerpc-eabi/lib/libc.a(libc_a-strlcpy.o)
                                 0x28 (size before relaxing)
 .eh_frame      0x8001e238        0x0 /opt/devkitpro/devkitPPC/bin/../lib/gcc/powerpc-eabi/13.1.0/../../../../powerpc-eabi/lib/libc.a(libc_a-getenv_r.o)
                                 0xac (size before relaxing)
 .eh_frame      0x8001e238        0x0 /opt/devkitpro/devkitPPC/bin/../lib/gcc/powerpc-eabi/13.1.0/../../../../powerpc-eabi/lib/libc.a(libc_a-strcasecmp.o)
                                 0x28 (size before relaxing)